Archive member included to satisfy reference by file (symbol)

c:/program files (x86)/atmel/studio/7.0/toolchain/arm/arm-gnu-toolchain/bin/../lib/gcc/arm-none-eabi/6.3.1/thumb/v6-m\libgcc.a(_thumb1_case_uqi.o)
                              driver/uart_fpga.o (__gnu_thumb1_case_uqi)
c:/program files (x86)/atmel/studio/7.0/toolchain/arm/arm-gnu-toolchain/bin/../lib/gcc/arm-none-eabi/6.3.1/thumb/v6-m\libgcc.a(_aeabi_uldivmod.o)
                              hpl/sercom/hpl_sercom.o (__aeabi_uldivmod)
c:/program files (x86)/atmel/studio/7.0/toolchain/arm/arm-gnu-toolchain/bin/../lib/gcc/arm-none-eabi/6.3.1/thumb/v6-m\libgcc.a(_muldi3.o)
                              hpl/sercom/hpl_sercom.o (__aeabi_lmul)
c:/program files (x86)/atmel/studio/7.0/toolchain/arm/arm-gnu-toolchain/bin/../lib/gcc/arm-none-eabi/6.3.1/thumb/v6-m\libgcc.a(_fixunsdfsi.o)
                              hpl/sercom/hpl_sercom.o (__aeabi_d2uiz)
c:/program files (x86)/atmel/studio/7.0/toolchain/arm/arm-gnu-toolchain/bin/../lib/gcc/arm-none-eabi/6.3.1/thumb/v6-m\libgcc.a(_udivmoddi4.o)
                              c:/program files (x86)/atmel/studio/7.0/toolchain/arm/arm-gnu-toolchain/bin/../lib/gcc/arm-none-eabi/6.3.1/thumb/v6-m\libgcc.a(_aeabi_uldivmod.o) (__udivmoddi4)
c:/program files (x86)/atmel/studio/7.0/toolchain/arm/arm-gnu-toolchain/bin/../lib/gcc/arm-none-eabi/6.3.1/thumb/v6-m\libgcc.a(divdf3.o)
                              hpl/sercom/hpl_sercom.o (__aeabi_ddiv)
c:/program files (x86)/atmel/studio/7.0/toolchain/arm/arm-gnu-toolchain/bin/../lib/gcc/arm-none-eabi/6.3.1/thumb/v6-m\libgcc.a(muldf3.o)
                              hpl/sercom/hpl_sercom.o (__aeabi_dmul)
c:/program files (x86)/atmel/studio/7.0/toolchain/arm/arm-gnu-toolchain/bin/../lib/gcc/arm-none-eabi/6.3.1/thumb/v6-m\libgcc.a(subdf3.o)
                              hpl/sercom/hpl_sercom.o (__aeabi_dsub)
c:/program files (x86)/atmel/studio/7.0/toolchain/arm/arm-gnu-toolchain/bin/../lib/gcc/arm-none-eabi/6.3.1/thumb/v6-m\libgcc.a(fixdfsi.o)
                              c:/program files (x86)/atmel/studio/7.0/toolchain/arm/arm-gnu-toolchain/bin/../lib/gcc/arm-none-eabi/6.3.1/thumb/v6-m\libgcc.a(_fixunsdfsi.o) (__aeabi_d2iz)
c:/program files (x86)/atmel/studio/7.0/toolchain/arm/arm-gnu-toolchain/bin/../lib/gcc/arm-none-eabi/6.3.1/thumb/v6-m\libgcc.a(floatsidf.o)
                              hpl/sercom/hpl_sercom.o (__aeabi_i2d)
c:/program files (x86)/atmel/studio/7.0/toolchain/arm/arm-gnu-toolchain/bin/../lib/gcc/arm-none-eabi/6.3.1/thumb/v6-m\libgcc.a(floatunsidf.o)
                              hpl/sercom/hpl_sercom.o (__aeabi_ui2d)
c:/program files (x86)/atmel/studio/7.0/toolchain/arm/arm-gnu-toolchain/bin/../lib/gcc/arm-none-eabi/6.3.1/thumb/v6-m\libgcc.a(_dvmd_tls.o)
                              c:/program files (x86)/atmel/studio/7.0/toolchain/arm/arm-gnu-toolchain/bin/../lib/gcc/arm-none-eabi/6.3.1/thumb/v6-m\libgcc.a(_aeabi_uldivmod.o) (__aeabi_ldiv0)
c:/program files (x86)/atmel/studio/7.0/toolchain/arm/arm-gnu-toolchain/bin/../lib/gcc/arm-none-eabi/6.3.1/thumb/v6-m\libgcc.a(_arm_cmpdf2.o)
                              c:/program files (x86)/atmel/studio/7.0/toolchain/arm/arm-gnu-toolchain/bin/../lib/gcc/arm-none-eabi/6.3.1/thumb/v6-m\libgcc.a(_fixunsdfsi.o) (__aeabi_dcmpge)
c:/program files (x86)/atmel/studio/7.0/toolchain/arm/arm-gnu-toolchain/bin/../lib/gcc/arm-none-eabi/6.3.1/thumb/v6-m\libgcc.a(_clzsi2.o)
                              c:/program files (x86)/atmel/studio/7.0/toolchain/arm/arm-gnu-toolchain/bin/../lib/gcc/arm-none-eabi/6.3.1/thumb/v6-m\libgcc.a(divdf3.o) (__clzsi2)
c:/program files (x86)/atmel/studio/7.0/toolchain/arm/arm-gnu-toolchain/bin/../lib/gcc/arm-none-eabi/6.3.1/thumb/v6-m\libgcc.a(_clzdi2.o)
                              c:/program files (x86)/atmel/studio/7.0/toolchain/arm/arm-gnu-toolchain/bin/../lib/gcc/arm-none-eabi/6.3.1/thumb/v6-m\libgcc.a(_udivmoddi4.o) (__clzdi2)
c:/program files (x86)/atmel/studio/7.0/toolchain/arm/arm-gnu-toolchain/bin/../lib/gcc/arm-none-eabi/6.3.1/thumb/v6-m\libgcc.a(eqdf2.o)
                              c:/program files (x86)/atmel/studio/7.0/toolchain/arm/arm-gnu-toolchain/bin/../lib/gcc/arm-none-eabi/6.3.1/thumb/v6-m\libgcc.a(_arm_cmpdf2.o) (__eqdf2)
c:/program files (x86)/atmel/studio/7.0/toolchain/arm/arm-gnu-toolchain/bin/../lib/gcc/arm-none-eabi/6.3.1/thumb/v6-m\libgcc.a(gedf2.o)
                              c:/program files (x86)/atmel/studio/7.0/toolchain/arm/arm-gnu-toolchain/bin/../lib/gcc/arm-none-eabi/6.3.1/thumb/v6-m\libgcc.a(_arm_cmpdf2.o) (__gedf2)
c:/program files (x86)/atmel/studio/7.0/toolchain/arm/arm-gnu-toolchain/bin/../lib/gcc/arm-none-eabi/6.3.1/thumb/v6-m\libgcc.a(ledf2.o)
                              c:/program files (x86)/atmel/studio/7.0/toolchain/arm/arm-gnu-toolchain/bin/../lib/gcc/arm-none-eabi/6.3.1/thumb/v6-m\libgcc.a(_arm_cmpdf2.o) (__ledf2)
[...]
Memory Configuration

Name             Origin             Length             Attributes
rom              0x00000000         0x00040000         xr
ram              0x20000000         0x00008000         xrw
*default*        0x00000000         0xffffffff

Linker script and memory map

LOAD c:/program files (x86)/atmel/studio/7.0/toolchain/arm/arm-gnu-toolchain/bin/../lib/gcc/arm-none-eabi/6.3.1/thumb/v6-m/crti.o
LOAD c:/program files (x86)/atmel/studio/7.0/toolchain/arm/arm-gnu-toolchain/bin/../lib/gcc/arm-none-eabi/6.3.1/thumb/v6-m/crtbegin.o
LOAD c:/program files (x86)/atmel/studio/7.0/toolchain/arm/arm-gnu-toolchain/bin/../lib/gcc/arm-none-eabi/6.3.1/../../../../arm-none-eabi/lib/thumb/v6-m/crt0.o
LOAD atmel_start.o
LOAD Device_Startup/startup_samc21.o
LOAD Device_Startup/system_samc21.o
LOAD driver/can_drv.o
LOAD driver/elog_drv.o
LOAD driver/loop_array.o
LOAD driver/uart_fpga.o
LOAD driver/uart_tx_fifo.o
LOAD driver_init.o
LOAD examples/driver_examples.o
LOAD hal/src/hal_atomic.o
LOAD hal/src/hal_can_async.o
LOAD hal/src/hal_delay.o
LOAD hal/src/hal_gpio.o
LOAD hal/src/hal_init.o
LOAD hal/src/hal_io.o
LOAD hal/src/hal_sleep.o
LOAD hal/src/hal_timer.o
LOAD hal/src/hal_usart_async.o
LOAD hal/src/hal_wdt.o
LOAD hal/utils/src/utils_assert.o
LOAD hal/utils/src/utils_event.o
LOAD hal/utils/src/utils_list.o
LOAD hal/utils/src/utils_ringbuffer.o
LOAD hal/utils/src/utils_syscalls.o
LOAD hpl/can/hpl_can.o
LOAD hpl/core/hpl_core_m0plus_base.o
LOAD hpl/core/hpl_init.o
LOAD hpl/divas/hpl_divas.o
LOAD hpl/dmac/hpl_dmac.o
LOAD hpl/gclk/hpl_gclk.o
LOAD hpl/mclk/hpl_mclk.o
LOAD hpl/osc32kctrl/hpl_osc32kctrl.o
LOAD hpl/oscctrl/hpl_oscctrl.o
LOAD hpl/pm/hpl_pm.o
LOAD hpl/sercom/hpl_sercom.o
LOAD hpl/tc/hpl_tc.o
LOAD hpl/wdt/hpl_wdt.o
LOAD main.o
START GROUP
LOAD c:/program files (x86)/atmel/studio/7.0/toolchain/arm/arm-gnu-toolchain/bin/../lib/gcc/arm-none-eabi/6.3.1/../../../../arm-none-eabi/lib/thumb/v6-m\libm.a
END GROUP
START GROUP
LOAD c:/program files (x86)/atmel/studio/7.0/toolchain/arm/arm-gnu-toolchain/bin/../lib/gcc/arm-none-eabi/6.3.1/thumb/v6-m\libgcc.a
LOAD c:/program files (x86)/atmel/studio/7.0/toolchain/arm/arm-gnu-toolchain/bin/../lib/gcc/arm-none-eabi/6.3.1/../../../../arm-none-eabi/lib/thumb/v6-m\libc_nano.a
END GROUP
START GROUP
LOAD c:/program files (x86)/atmel/studio/7.0/toolchain/arm/arm-gnu-toolchain/bin/../lib/gcc/arm-none-eabi/6.3.1/thumb/v6-m\libgcc.a
LOAD c:/program files (x86)/atmel/studio/7.0/toolchain/arm/arm-gnu-toolchain/bin/../lib/gcc/arm-none-eabi/6.3.1/../../../../arm-none-eabi/lib/thumb/v6-m\libc_nano.a
END GROUP
LOAD c:/program files (x86)/atmel/studio/7.0/toolchain/arm/arm-gnu-toolchain/bin/../lib/gcc/arm-none-eabi/6.3.1/thumb/v6-m/crtend.o
LOAD c:/program files (x86)/atmel/studio/7.0/toolchain/arm/arm-gnu-toolchain/bin/../lib/gcc/arm-none-eabi/6.3.1/thumb/v6-m/crtn.o
                0x00002000                STACK_SIZE = DEFINED (STACK_SIZE)?STACK_SIZE:DEFINED (__stack_size__)?__stack_size__:0x2000

.text           0x00000000     0x3180
                0x00000000                . = ALIGN (0x4)
                0x00000000                _sfixed = .
 *(.vectors .vectors.*)
 .vectors       0x00000000       0xbc Device_Startup/startup_samc21.o
                0x00000000                exception_table
 *(.text .text.* .gnu.linkonce.t.*)
 .text          0x000000bc       0x60 c:/program files (x86)/atmel/studio/7.0/toolchain/arm/arm-gnu-toolchain/bin/../lib/gcc/arm-none-eabi/6.3.1/thumb/v6-m/crtbegin.o
 .text.atmel_start_init
                0x0000011c        0xc atmel_start.o
                0x0000011c                atmel_start_init
 .text.Dummy_Handler
                0x00000128        0x2 Device_Startup/startup_samc21.o
                0x00000128                SVCall_Handler
                0x00000128                HardFault_Handler
                0x00000128                TC2_Handler
                0x00000128                AC_Handler
                0x00000128                SysTick_Handler
                0x00000128                PendSV_Handler
                0x00000128                SERCOM1_Handler
                0x00000128                NonMaskableInt_Handler
                0x00000128                TCC1_Handler
                0x00000128                TCC0_Handler
                0x00000128                RTC_Handler
                0x00000128                ADC1_Handler
                0x00000128                EIC_Handler
                0x00000128                WDT_Handler
                0x00000128                TC4_Handler
                0x00000128                TC1_Handler
                0x00000128                TC3_Handler
                0x00000128                SDADC_Handler
                0x00000128                Dummy_Handler
                0x00000128                ADC0_Handler
                0x00000128                TSENS_Handler
                0x00000128                TCC2_Handler
                0x00000128                EVSYS_Handler
                0x00000128                NVMCTRL_Handler
                0x00000128                SYSTEM_Handler
                0x00000128                SERCOM0_Handler
                0x00000128                DAC_Handler
                0x00000128                PTC_Handler
                0x00000128                FREQM_Handler
 *fill*         0x0000012a        0x2 
 .text.Reset_Handler
                0x0000012c       0x64 Device_Startup/startup_samc21.o
                0x0000012c                Reset_Handler
 .text.can_0_rx_callback
                0x00000190       0xb8 driver/can_drv.o
 .text.can_drv_init
                0x00000248       0x74 driver/can_drv.o
                0x00000248                can_drv_init
 .text.elog_keep_online_cb
                0x000002bc        0xc driver/elog_drv.o
 .text.elog_tx_cb
                0x000002c8        0xc driver/elog_drv.o
 .text.sys_config_set_default
                0x000002d4       0x18 driver/elog_drv.o
                0x000002d4                sys_config_set_default
 .text.elog_print_dataes
                0x000002ec       0x28 driver/elog_drv.o
                0x000002ec                elog_print_dataes
 .text.elog_print_string
                0x00000314       0x38 driver/elog_drv.o
                0x00000314                elog_print_string
 .text.elog_init
                0x0000034c       0x58 driver/elog_drv.o
                0x0000034c                elog_init
 .text.elog_printf
                0x000003a4       0x28 driver/elog_drv.o
                0x000003a4                elog_printf
 .text.fpga_reboot_cb
                0x000003cc       0x1c driver/elog_drv.o
                0x000003cc                fpga_reboot_cb
 .text.elog_rx_cb
                0x000003e8       0x68 driver/elog_drv.o
 .text.elog_process
                0x00000450      0x428 driver/elog_drv.o
                0x00000450                elog_process
 .text.loop_array_init
                0x00000878       0x24 driver/loop_array.o
                0x00000878                loop_array_init
 .text.loop_array_write
                0x0000089c       0x8c driver/loop_array.o
                0x0000089c                loop_array_write
 .text.loop_array_read
                0x00000928       0x94 driver/loop_array.o
                0x00000928                loop_array_read
 .text.uart_fpga_tx_cb
                0x000009bc        0xc driver/uart_fpga.o
 .text.uart_fpga_rcv_init
                0x000009c8       0x18 driver/uart_fpga.o
 .text.uart_fpga_rx_cb
                0x000009e0       0x68 driver/uart_fpga.o
 .text.uart_fpga_rcv_canframe
                0x00000a48       0x50 driver/uart_fpga.o
                0x00000a48                uart_fpga_rcv_canframe
 .text.fpga_print_dataes
                0x00000a98       0x2c driver/uart_fpga.o
                0x00000a98                fpga_print_dataes
 .text.can_rcv_2_fpga_send
                0x00000ac4       0x84 driver/uart_fpga.o
                0x00000ac4                can_rcv_2_fpga_send
 .text.uart_fpga_loopback_pack
                0x00000b48       0x2c driver/uart_fpga.o
                0x00000b48                uart_fpga_loopback_pack
 .text.uart_fpga_process
                0x00000b74      0x1b0 driver/uart_fpga.o
                0x00000b74                uart_fpga_process
 .text.uart_fpga_init
                0x00000d24       0x80 driver/uart_fpga.o
                0x00000d24                uart_fpga_init
 .text.tx_fifo_add
                0x00000da4       0x1a driver/uart_tx_fifo.o
                0x00000da4                tx_fifo_add
 *fill*         0x00000dbe        0x2 
 .text.tx_fifo_dec
                0x00000dc0       0x18 driver/uart_tx_fifo.o
                0x00000dc0                tx_fifo_dec
 .text.tx_fifo_write
                0x00000dd8       0x44 driver/uart_tx_fifo.o
                0x00000dd8                tx_fifo_write
 .text._gpio_set_pin_function
                0x00000e1c       0x6c driver_init.o
 .text.USART_0_CLOCK_init
                0x00000e88       0x24 driver_init.o
                0x00000e88                USART_0_CLOCK_init
 .text.USART_0_PORT_init
                0x00000eac       0x20 driver_init.o
                0x00000eac                USART_0_PORT_init
 .text.USART_0_init
                0x00000ecc       0x34 driver_init.o
                0x00000ecc                USART_0_init
 .text.USART_1_CLOCK_init
                0x00000f00       0x24 driver_init.o
                0x00000f00                USART_1_CLOCK_init
 .text.USART_1_PORT_init
                0x00000f24       0x20 driver_init.o
                0x00000f24                USART_1_PORT_init
 .text.USART_1_init
                0x00000f44       0x38 driver_init.o
                0x00000f44                USART_1_init
 .text.WDT_0_CLOCK_init
                0x00000f7c       0x14 driver_init.o
                0x00000f7c                WDT_0_CLOCK_init
 .text.WDT_0_init
                0x00000f90       0x24 driver_init.o
                0x00000f90                WDT_0_init
 .text.CAN_0_PORT_init
                0x00000fb4       0x20 driver_init.o
                0x00000fb4                CAN_0_PORT_init
 .text.CAN_0_init
                0x00000fd4       0x3c driver_init.o
                0x00000fd4                CAN_0_init
 .text.system_init
                0x00001010       0x64 driver_init.o
                0x00001010                system_init
 .text.atomic_enter_critical
                0x00001074        0xe hal/src/hal_atomic.o
                0x00001074                atomic_enter_critical
 .text.atomic_leave_critical
                0x00001082        0xc hal/src/hal_atomic.o
                0x00001082                atomic_leave_critical
 .text.can_tx_done
                0x0000108e        0xc hal/src/hal_can_async.o
 .text.can_rx_done
                0x0000109a        0xc hal/src/hal_can_async.o
 .text.can_irq_handler
                0x000010a6        0xc hal/src/hal_can_async.o
 *fill*         0x000010b2        0x2 
 .text.can_async_init
                0x000010b4       0x2c hal/src/hal_can_async.o
                0x000010b4                can_async_init
 .text.can_async_enable
                0x000010e0        0xc hal/src/hal_can_async.o
                0x000010e0                can_async_enable
 .text.can_async_read
                0x000010ec        0xc hal/src/hal_can_async.o
                0x000010ec                can_async_read
 .text.can_async_write
                0x000010f8        0xc hal/src/hal_can_async.o
                0x000010f8                can_async_write
 .text.can_async_register_callback
                0x00001104       0x30 hal/src/hal_can_async.o
                0x00001104                can_async_register_callback
 .text.can_async_set_filter
                0x00001134        0xc hal/src/hal_can_async.o
                0x00001134                can_async_set_filter
 .text.io_write
                0x00001140        0x8 hal/src/hal_io.o
                0x00001140                io_write
 .text.io_read  0x00001148        0x8 hal/src/hal_io.o
                0x00001148                io_read
 .text.timer_add_timer_task
                0x00001150       0x58 hal/src/hal_timer.o
 .text.timer_process_counted
                0x000011a8       0x60 hal/src/hal_timer.o
 .text.timer_init
                0x00001208       0x1c hal/src/hal_timer.o
                0x00001208                timer_init
 .text.timer_start
                0x00001224       0x24 hal/src/hal_timer.o
                0x00001224                timer_start
 .text.timer_add_task
                0x00001248       0x78 hal/src/hal_timer.o
                0x00001248                timer_add_task
 .text.timer_remove_task
                0x000012c0       0x70 hal/src/hal_timer.o
                0x000012c0                timer_remove_task
 .text.usart_transmission_complete
                0x00001330       0x12 hal/src/hal_usart_async.o
 .text.usart_error
                0x00001342       0x12 hal/src/hal_usart_async.o
 .text.usart_fill_rx_buffer
                0x00001354       0x1c hal/src/hal_usart_async.o
 .text.usart_async_write
                0x00001370       0x34 hal/src/hal_usart_async.o
 .text.usart_process_byte_sent
                0x000013a4       0x3c hal/src/hal_usart_async.o
 .text.usart_async_read
                0x000013e0       0x58 hal/src/hal_usart_async.o
 .text.usart_async_init
                0x00001438       0x64 hal/src/hal_usart_async.o
                0x00001438                usart_async_init
 .text.usart_async_enable
                0x0000149c       0x10 hal/src/hal_usart_async.o
                0x0000149c                usart_async_enable
 .text.usart_async_get_io_descriptor
                0x000014ac        0x6 hal/src/hal_usart_async.o
                0x000014ac                usart_async_get_io_descriptor
 *fill*         0x000014b2        0x2 
 .text.usart_async_register_callback
                0x000014b4       0x48 hal/src/hal_usart_async.o
                0x000014b4                usart_async_register_callback
 .text.usart_async_is_rx_not_empty
                0x000014fc       0x14 hal/src/hal_usart_async.o
                0x000014fc                usart_async_is_rx_not_empty
 .text.is_list_element
                0x00001510       0x10 hal/utils/src/utils_list.o
                0x00001510                is_list_element
 .text.list_insert_as_head
                0x00001520        0x8 hal/utils/src/utils_list.o
                0x00001520                list_insert_as_head
 .text.list_insert_after
                0x00001528        0x8 hal/utils/src/utils_list.o
                0x00001528                list_insert_after
 .text.list_remove_head
                0x00001530        0xe hal/utils/src/utils_list.o
                0x00001530                list_remove_head
 .text.list_delete_element
                0x0000153e       0x26 hal/utils/src/utils_list.o
                0x0000153e                list_delete_element
 .text.ringbuffer_init
                0x00001564       0x18 hal/utils/src/utils_ringbuffer.o
                0x00001564                ringbuffer_init
 .text.ringbuffer_get
                0x0000157c       0x22 hal/utils/src/utils_ringbuffer.o
                0x0000157c                ringbuffer_get
 .text.ringbuffer_put
                0x0000159e       0x22 hal/utils/src/utils_ringbuffer.o
                0x0000159e                ringbuffer_put
 .text.ringbuffer_num
                0x000015c0        0x8 hal/utils/src/utils_ringbuffer.o
                0x000015c0                ringbuffer_num
 .text._sbrk    0x000015c8       0x20 hal/utils/src/utils_syscalls.o
                0x000015c8                _sbrk
 .text._can_async_init
                0x000015e8       0xf0 hpl/can/hpl_can.o
                0x000015e8                _can_async_init
 .text._can_async_enable
                0x000016d8        0xe hpl/can/hpl_can.o
                0x000016d8                _can_async_enable
 *fill*         0x000016e6        0x2 
 .text._can_async_read
                0x000016e8       0x90 hpl/can/hpl_can.o
                0x000016e8                _can_async_read
 .text._can_async_write
                0x00001778       0xec hpl/can/hpl_can.o
                0x00001778                _can_async_write
 .text._can_async_set_irq_state
                0x00001864       0x48 hpl/can/hpl_can.o
                0x00001864                _can_async_set_irq_state
 .text._can_async_set_filter
                0x000018ac       0x84 hpl/can/hpl_can.o
                0x000018ac                _can_async_set_filter
 .text.CAN0_Handler
                0x00001930       0x60 hpl/can/hpl_can.o
                0x00001930                CAN0_Handler
 .text._reset_mcu
                0x00001990       0x1c hpl/core/hpl_core_m0plus_base.o
                0x00001990                _reset_mcu
 .text._irq_set
                0x000019ac       0x18 hpl/core/hpl_core_m0plus_base.o
                0x000019ac                _irq_set
 .text._init_chip
                0x000019c4       0x58 hpl/core/hpl_init.o
                0x000019c4                _init_chip
 .text._div_init
                0x00001a1c        0xe hpl/divas/hpl_divas.o
                0x00001a1c                _div_init
 .text.__aeabi_uidiv
                0x00001a2a       0x2a hpl/divas/hpl_divas.o
                0x00001a2a                __aeabi_uidiv
 .text.__aeabi_uidivmod
                0x00001a54       0x34 hpl/divas/hpl_divas.o
                0x00001a54                __aeabi_uidivmod
 .text._dma_init
                0x00001a88       0xb0 hpl/dmac/hpl_dmac.o
                0x00001a88                _dma_init
 .text.DMAC_Handler
                0x00001b38       0x4c hpl/dmac/hpl_dmac.o
                0x00001b38                DMAC_Handler
 .text.hri_gclk_wait_for_sync.constprop.0
                0x00001b84       0x14 hpl/gclk/hpl_gclk.o
 .text._gclk_init_generators_by_fref
                0x00001b98       0x4c hpl/gclk/hpl_gclk.o
                0x00001b98                _gclk_init_generators_by_fref
 .text._mclk_init
                0x00001be4        0xc hpl/mclk/hpl_mclk.o
                0x00001be4                _mclk_init
 .text._osc32kctrl_init_sources
                0x00001bf0        0xc hpl/osc32kctrl/hpl_osc32kctrl.o
                0x00001bf0                _osc32kctrl_init_sources
 .text._oscctrl_init_sources
                0x00001bfc       0x30 hpl/oscctrl/hpl_oscctrl.o
                0x00001bfc                _oscctrl_init_sources
 .text._oscctrl_init_referenced_generators
                0x00001c2c        0x2 hpl/oscctrl/hpl_oscctrl.o
                0x00001c2c                _oscctrl_init_referenced_generators
 *fill*         0x00001c2e        0x2 
 .text.__NVIC_EnableIRQ
                0x00001c30       0x18 hpl/sercom/hpl_sercom.o
 .text.__NVIC_DisableIRQ
                0x00001c48       0x20 hpl/sercom/hpl_sercom.o
 .text.__NVIC_ClearPendingIRQ
                0x00001c68       0x1c hpl/sercom/hpl_sercom.o
 .text.hri_sercomusart_wait_for_sync
                0x00001c84        0x8 hpl/sercom/hpl_sercom.o
 .text.hri_sercomusart_clear_CTRLA_ENABLE_bit
                0x00001c8c       0x18 hpl/sercom/hpl_sercom.o
 .text._sercom_usart_interrupt_handler
                0x00001ca4       0x64 hpl/sercom/hpl_sercom.o
 .text._sercom_init_irq_param
                0x00001d08       0x24 hpl/sercom/hpl_sercom.o
 .text._usart_init
                0x00001d2c       0xd4 hpl/sercom/hpl_sercom.o
 .text._usart_async_init
                0x00001e00       0x54 hpl/sercom/hpl_sercom.o
                0x00001e00                _usart_async_init
 .text._usart_async_enable
                0x00001e54       0x18 hpl/sercom/hpl_sercom.o
                0x00001e54                _usart_async_enable
 .text._usart_async_write_byte
                0x00001e6c        0x8 hpl/sercom/hpl_sercom.o
                0x00001e6c                _usart_async_write_byte
 .text._usart_async_enable_byte_sent_irq
                0x00001e74        0x8 hpl/sercom/hpl_sercom.o
                0x00001e74                _usart_async_enable_byte_sent_irq
 .text._usart_async_enable_tx_done_irq
                0x00001e7c        0x8 hpl/sercom/hpl_sercom.o
                0x00001e7c                _usart_async_enable_tx_done_irq
 .text._usart_async_set_irq_state
                0x00001e84       0x3c hpl/sercom/hpl_sercom.o
                0x00001e84                _usart_async_set_irq_state
 .text.SERCOM2_Handler
                0x00001ec0       0x14 hpl/sercom/hpl_sercom.o
                0x00001ec0                SERCOM2_Handler
 .text.SERCOM3_Handler
                0x00001ed4       0x14 hpl/sercom/hpl_sercom.o
                0x00001ed4                SERCOM3_Handler
 .text.hri_tc_wait_for_sync
                0x00001ee8        0x8 hpl/tc/hpl_tc.o
 .text.get_tc_index
                0x00001ef0       0x20 hpl/tc/hpl_tc.o
 .text._timer_init
                0x00001f10      0x138 hpl/tc/hpl_tc.o
                0x00001f10                _timer_init
 .text._timer_start
                0x00002048       0x18 hpl/tc/hpl_tc.o
                0x00002048                _timer_start
 .text._timer_is_started
                0x00002060       0x18 hpl/tc/hpl_tc.o
                0x00002060                _timer_is_started
 .text._tc_get_timer
                0x00002078        0x4 hpl/tc/hpl_tc.o
                0x00002078                _tc_get_timer
 .text._timer_set_irq
                0x0000207c       0x24 hpl/tc/hpl_tc.o
                0x0000207c                _timer_set_irq
 .text.TC0_Handler
                0x000020a0       0x1c hpl/tc/hpl_tc.o
                0x000020a0                TC0_Handler
 .text._wdt_init
                0x000020bc       0x3e hpl/wdt/hpl_wdt.o
                0x000020bc                _wdt_init
 *fill*         0x000020fa        0x2 
 .text._wdt_set_timeout_period
                0x000020fc       0xd8 hpl/wdt/hpl_wdt.o
                0x000020fc                _wdt_set_timeout_period
 .text._wdt_enable
                0x000021d4       0x14 hpl/wdt/hpl_wdt.o
                0x000021d4                _wdt_enable
 .text._wdt_feed
                0x000021e8       0x10 hpl/wdt/hpl_wdt.o
                0x000021e8                _wdt_feed
 .text.adas_power_enable
                0x000021f8       0x20 main.o
                0x000021f8                adas_power_enable
 .text.startup.main
                0x00002218       0x80 main.o
                0x00002218                main
 .text          0x00002298       0x14 c:/program files (x86)/atmel/studio/7.0/toolchain/arm/arm-gnu-toolchain/bin/../lib/gcc/arm-none-eabi/6.3.1/thumb/v6-m\libgcc.a(_thumb1_case_uqi.o)
                0x00002298                __gnu_thumb1_case_uqi
 .text          0x000022ac       0x54 c:/program files (x86)/atmel/studio/7.0/toolchain/arm/arm-gnu-toolchain/bin/../lib/gcc/arm-none-eabi/6.3.1/thumb/v6-m\libgcc.a(_muldi3.o)
                0x000022ac                __muldi3
                0x000022ac                __aeabi_lmul
 .text.__libc_init_array
                0x00002300       0x48 c:/program files (x86)/atmel/studio/7.0/toolchain/arm/arm-gnu-toolchain/bin/../lib/gcc/arm-none-eabi/6.3.1/../../../../arm-none-eabi/lib/thumb/v6-m\libc_nano.a(lib_a-init.o)
                0x00002300                __libc_init_array
 .text.malloc   0x00002348       0x14 c:/program files (x86)/atmel/studio/7.0/toolchain/arm/arm-gnu-toolchain/bin/../lib/gcc/arm-none-eabi/6.3.1/../../../../arm-none-eabi/lib/thumb/v6-m\libc_nano.a(lib_a-malloc.o)
                0x00002348                malloc
 .text.free     0x0000235c       0x14 c:/program files (x86)/atmel/studio/7.0/toolchain/arm/arm-gnu-toolchain/bin/../lib/gcc/arm-none-eabi/6.3.1/../../../../arm-none-eabi/lib/thumb/v6-m\libc_nano.a(lib_a-malloc.o)
                0x0000235c                free
 .text.memcpy   0x00002370       0x12 c:/program files (x86)/atmel/studio/7.0/toolchain/arm/arm-gnu-toolchain/bin/../lib/gcc/arm-none-eabi/6.3.1/../../../../arm-none-eabi/lib/thumb/v6-m\libc_nano.a(lib_a-memcpy-stub.o)
                0x00002370                memcpy
 *fill*         0x00002382        0x2 
 .text._free_r  0x00002384       0x94 c:/program files (x86)/atmel/studio/7.0/toolchain/arm/arm-gnu-toolchain/bin/../lib/gcc/arm-none-eabi/6.3.1/../../../../arm-none-eabi/lib/thumb/v6-m\libc_nano.a(lib_a-nano-freer.o)
                0x00002384                _free_r
 .text._malloc_r
                0x00002418       0xbc c:/program files (x86)/atmel/studio/7.0/toolchain/arm/arm-gnu-toolchain/bin/../lib/gcc/arm-none-eabi/6.3.1/../../../../arm-none-eabi/lib/thumb/v6-m\libc_nano.a(lib_a-nano-mallocr.o)
                0x00002418                _malloc_r
 .text._sbrk_r  0x000024d4       0x24 c:/program files (x86)/atmel/studio/7.0/toolchain/arm/arm-gnu-toolchain/bin/../lib/gcc/arm-none-eabi/6.3.1/../../../../arm-none-eabi/lib/thumb/v6-m\libc_nano.a(lib_a-sbrkr.o)
                0x000024d4                _sbrk_r
 .text          0x000024f8        0xe c:/program files (x86)/atmel/studio/7.0/toolchain/arm/arm-gnu-toolchain/bin/../lib/gcc/arm-none-eabi/6.3.1/../../../../arm-none-eabi/lib/thumb/v6-m\libc_nano.a(lib_a-strlen.o)
                0x000024f8                strlen
 .text.strstr   0x00002506       0x30 c:/program files (x86)/atmel/studio/7.0/toolchain/arm/arm-gnu-toolchain/bin/../lib/gcc/arm-none-eabi/6.3.1/../../../../arm-none-eabi/lib/thumb/v6-m\libc_nano.a(lib_a-strstr.o)
                0x00002506                strstr
 *fill*         0x00002536        0x2 
 .text._vsprintf_r
                0x00002538       0x30 c:/program files (x86)/atmel/studio/7.0/toolchain/arm/arm-gnu-toolchain/bin/../lib/gcc/arm-none-eabi/6.3.1/../../../../arm-none-eabi/lib/thumb/v6-m\libc_nano.a(lib_a-vsprintf.o)
                0x00002538                _vsprintf_r
                0x00002538                _vsiprintf_r
 .text.vsprintf
                0x00002568       0x18 c:/program files (x86)/atmel/studio/7.0/toolchain/arm/arm-gnu-toolchain/bin/../lib/gcc/arm-none-eabi/6.3.1/../../../../arm-none-eabi/lib/thumb/v6-m\libc_nano.a(lib_a-vsprintf.o)
                0x00002568                vsiprintf
                0x00002568                vsprintf
 .text.__malloc_lock
                0x00002580        0x2 c:/program files (x86)/atmel/studio/7.0/toolchain/arm/arm-gnu-toolchain/bin/../lib/gcc/arm-none-eabi/6.3.1/../../../../arm-none-eabi/lib/thumb/v6-m\libc_nano.a(lib_a-mlock.o)
                0x00002580                __malloc_lock
 .text.__malloc_unlock
                0x00002582        0x2 c:/program files (x86)/atmel/studio/7.0/toolchain/arm/arm-gnu-toolchain/bin/../lib/gcc/arm-none-eabi/6.3.1/../../../../arm-none-eabi/lib/thumb/v6-m\libc_nano.a(lib_a-mlock.o)
                0x00002582                __malloc_unlock
 .text.__ssputs_r
                0x00002584       0xc4 c:/program files (x86)/atmel/studio/7.0/toolchain/arm/arm-gnu-toolchain/bin/../lib/gcc/arm-none-eabi/6.3.1/../../../../arm-none-eabi/lib/thumb/v6-m\libc_nano.a(lib_a-nano-svfprintf.o)
                0x00002584                __ssputs_r
 .text._svfprintf_r
                0x00002648      0x208 c:/program files (x86)/atmel/studio/7.0/toolchain/arm/arm-gnu-toolchain/bin/../lib/gcc/arm-none-eabi/6.3.1/../../../../arm-none-eabi/lib/thumb/v6-m\libc_nano.a(lib_a-nano-svfprintf.o)
                0x00002648                _svfiprintf_r
                0x00002648                _svfprintf_r
 .text._printf_common
                0x00002850       0xda c:/program files (x86)/atmel/studio/7.0/toolchain/arm/arm-gnu-toolchain/bin/../lib/gcc/arm-none-eabi/6.3.1/../../../../arm-none-eabi/lib/thumb/v6-m\libc_nano.a(lib_a-nano-vfprintf_i.o)
                0x00002850                _printf_common
 *fill*         0x0000292a        0x2 
 .text._printf_i
                0x0000292c      0x234 c:/program files (x86)/atmel/studio/7.0/toolchain/arm/arm-gnu-toolchain/bin/../lib/gcc/arm-none-eabi/6.3.1/../../../../arm-none-eabi/lib/thumb/v6-m\libc_nano.a(lib_a-nano-vfprintf_i.o)
                0x0000292c                _printf_i
 .text.memchr   0x00002b60       0x16 c:/program files (x86)/atmel/studio/7.0/toolchain/arm/arm-gnu-toolchain/bin/../lib/gcc/arm-none-eabi/6.3.1/../../../../arm-none-eabi/lib/thumb/v6-m\libc_nano.a(lib_a-memchr-stub.o)
                0x00002b60                memchr
 .text.memmove  0x00002b76       0x24 c:/program files (x86)/atmel/studio/7.0/toolchain/arm/arm-gnu-toolchain/bin/../lib/gcc/arm-none-eabi/6.3.1/../../../../arm-none-eabi/lib/thumb/v6-m\libc_nano.a(lib_a-memmove.o)
                0x00002b76                memmove
 .text._realloc_r
                0x00002b9a       0x4c c:/program files (x86)/atmel/studio/7.0/toolchain/arm/arm-gnu-toolchain/bin/../lib/gcc/arm-none-eabi/6.3.1/../../../../arm-none-eabi/lib/thumb/v6-m\libc_nano.a(lib_a-nano-reallocr.o)
                0x00002b9a                _realloc_r
 .text._malloc_usable_size_r
                0x00002be6       0x10 c:/program files (x86)/atmel/studio/7.0/toolchain/arm/arm-gnu-toolchain/bin/../lib/gcc/arm-none-eabi/6.3.1/../../../../arm-none-eabi/lib/thumb/v6-m\libc_nano.a(lib_a-nano-msizer.o)
                0x00002be6                _malloc_usable_size_r
 *(.glue_7t)
 .glue_7t       0x00002bf6        0x0 linker stubs
 *(.glue_7)
 .glue_7        0x00002bf6        0x0 linker stubs
 *(.rodata .rodata* .gnu.linkonce.r.*)
 .rodata.str1.1
                0x00002bf6      0x350 driver/elog_drv.o
 .rodata.str1.1
                0x00002f46       0x36 driver/loop_array.o
 .rodata.str1.1
                0x00002f7c       0x5b driver/uart_fpga.o
 .rodata        0x00002fd7       0x10 hpl/can/hpl_can.o
 *fill*         0x00002fe7        0x1 
 .rodata        0x00002fe8       0x90 hpl/dmac/hpl_dmac.o
 .rodata        0x00003078       0x40 hpl/sercom/hpl_sercom.o
 .rodata        0x000030b8       0x14 hpl/tc/hpl_tc.o
 .rodata.__sf_fake_stderr
                0x000030cc       0x20 c:/program files (x86)/atmel/studio/7.0/toolchain/arm/arm-gnu-toolchain/bin/../lib/gcc/arm-none-eabi/6.3.1/../../../../arm-none-eabi/lib/thumb/v6-m\libc_nano.a(lib_a-findfp.o)
                0x000030cc                __sf_fake_stderr
 .rodata.__sf_fake_stdin
                0x000030ec       0x20 c:/program files (x86)/atmel/studio/7.0/toolchain/arm/arm-gnu-toolchain/bin/../lib/gcc/arm-none-eabi/6.3.1/../../../../arm-none-eabi/lib/thumb/v6-m\libc_nano.a(lib_a-findfp.o)
                0x000030ec                __sf_fake_stdin
 .rodata.__sf_fake_stdout
                0x0000310c       0x20 c:/program files (x86)/atmel/studio/7.0/toolchain/arm/arm-gnu-toolchain/bin/../lib/gcc/arm-none-eabi/6.3.1/../../../../arm-none-eabi/lib/thumb/v6-m\libc_nano.a(lib_a-findfp.o)
                0x0000310c                __sf_fake_stdout
 .rodata._svfprintf_r.str1.1
                0x0000312c       0x11 c:/program files (x86)/atmel/studio/7.0/toolchain/arm/arm-gnu-toolchain/bin/../lib/gcc/arm-none-eabi/6.3.1/../../../../arm-none-eabi/lib/thumb/v6-m\libc_nano.a(lib_a-nano-svfprintf.o)
 .rodata._printf_i.str1.1
                0x0000313d       0x22 c:/program files (x86)/atmel/studio/7.0/toolchain/arm/arm-gnu-toolchain/bin/../lib/gcc/arm-none-eabi/6.3.1/../../../../arm-none-eabi/lib/thumb/v6-m\libc_nano.a(lib_a-nano-vfprintf_i.o)
 *(.ARM.extab* .gnu.linkonce.armextab.*)
                0x00003160                . = ALIGN (0x4)
 *fill*         0x0000315f        0x1 
 *(.init)
 .init          0x00003160        0x4 c:/program files (x86)/atmel/studio/7.0/toolchain/arm/arm-gnu-toolchain/bin/../lib/gcc/arm-none-eabi/6.3.1/thumb/v6-m/crti.o
                0x00003160                _init
 .init          0x00003164        0x8 c:/program files (x86)/atmel/studio/7.0/toolchain/arm/arm-gnu-toolchain/bin/../lib/gcc/arm-none-eabi/6.3.1/thumb/v6-m/crtn.o
                0x0000316c                . = ALIGN (0x4)
                0x0000316c                __preinit_array_start = .
 *(.preinit_array)
                0x0000316c                __preinit_array_end = .
                0x0000316c                . = ALIGN (0x4)
                0x0000316c                __init_array_start = .
 *(SORT(.init_array.*))
 *(.init_array)
 .init_array    0x0000316c        0x4 c:/program files (x86)/atmel/studio/7.0/toolchain/arm/arm-gnu-toolchain/bin/../lib/gcc/arm-none-eabi/6.3.1/thumb/v6-m/crtbegin.o
                0x00003170                __init_array_end = .
                0x00003170                . = ALIGN (0x4)
 *crtbegin.o(.ctors)
 *(EXCLUDE_FILE(*crtend.o) .ctors)
 *(SORT(.ctors.*))
 *crtend.o(.ctors)
                0x00003170                . = ALIGN (0x4)
 *(.fini)
 .fini          0x00003170        0x4 c:/program files (x86)/atmel/studio/7.0/toolchain/arm/arm-gnu-toolchain/bin/../lib/gcc/arm-none-eabi/6.3.1/thumb/v6-m/crti.o
                0x00003170                _fini
 .fini          0x00003174        0x8 c:/program files (x86)/atmel/studio/7.0/toolchain/arm/arm-gnu-toolchain/bin/../lib/gcc/arm-none-eabi/6.3.1/thumb/v6-m/crtn.o
                0x0000317c                . = ALIGN (0x4)
                0x0000317c                __fini_array_start = .
 *(.fini_array)
 .fini_array    0x0000317c        0x4 c:/program files (x86)/atmel/studio/7.0/toolchain/arm/arm-gnu-toolchain/bin/../lib/gcc/arm-none-eabi/6.3.1/thumb/v6-m/crtbegin.o
 *(SORT(.fini_array.*))
                0x00003180                __fini_array_end = .
 *crtbegin.o(.dtors)
 *(EXCLUDE_FILE(*crtend.o) .dtors)
 *(SORT(.dtors.*))
 *crtend.o(.dtors)
                0x00003180                . = ALIGN (0x4)
                0x00003180                _efixed = .
                [!provide]                PROVIDE (__exidx_start, .)

.vfp11_veneer   0x00003180        0x0
 .vfp11_veneer  0x00003180        0x0 linker stubs

.v4_bx          0x00003180        0x0
 .v4_bx         0x00003180        0x0 linker stubs

.iplt           0x00003180        0x0
 .iplt          0x00003180        0x0 c:/program files (x86)/atmel/studio/7.0/toolchain/arm/arm-gnu-toolchain/bin/../lib/gcc/arm-none-eabi/6.3.1/thumb/v6-m/crtbegin.o

.eh_frame       0x00003180        0x0
 .eh_frame      0x00003180        0x0 c:/program files (x86)/atmel/studio/7.0/toolchain/arm/arm-gnu-toolchain/bin/../lib/gcc/arm-none-eabi/6.3.1/thumb/v6-m/crtbegin.o

.rel.dyn        0x00003180        0x0
 .rel.iplt      0x00003180        0x0 c:/program files (x86)/atmel/studio/7.0/toolchain/arm/arm-gnu-toolchain/bin/../lib/gcc/arm-none-eabi/6.3.1/thumb/v6-m/crtbegin.o

.jcr            0x00003180        0x0
 .jcr           0x00003180        0x0 c:/program files (x86)/atmel/studio/7.0/toolchain/arm/arm-gnu-toolchain/bin/../lib/gcc/arm-none-eabi/6.3.1/thumb/v6-m/crtbegin.o

.igot.plt       0x00003180        0x0
 .igot.plt      0x00003180        0x0 c:/program files (x86)/atmel/studio/7.0/toolchain/arm/arm-gnu-toolchain/bin/../lib/gcc/arm-none-eabi/6.3.1/thumb/v6-m/crtbegin.o

.ARM.exidx
 *(.ARM.exidx* .gnu.linkonce.armexidx.*)
                [!provide]                PROVIDE (__exidx_end, .)
                0x00003180                . = ALIGN (0x4)
                0x00003180                _etext = .

.relocate       0x20000000       0x78 load address 0x00003180
                0x20000000                . = ALIGN (0x4)
                0x20000000                _srelocate = .
 *(.ramfunc .ramfunc.*)
 *(.data .data.*)
 .data          0x20000000       0x14 hpl/can/hpl_can.o
                0x20000000                _can0_context
 .data._impure_ptr
                0x20000014        0x4 c:/program files (x86)/atmel/studio/7.0/toolchain/arm/arm-gnu-toolchain/bin/../lib/gcc/arm-none-eabi/6.3.1/../../../../arm-none-eabi/lib/thumb/v6-m\libc_nano.a(lib_a-impure.o)
                0x20000014                _impure_ptr
 .data.impure_data
                0x20000018       0x60 c:/program files (x86)/atmel/studio/7.0/toolchain/arm/arm-gnu-toolchain/bin/../lib/gcc/arm-none-eabi/6.3.1/../../../../arm-none-eabi/lib/thumb/v6-m\libc_nano.a(lib_a-impure.o)
                0x20000078                . = ALIGN (0x4)
                0x20000078                _erelocate = .

.bss            0x20000080     0x2774 load address 0x00003200
                0x20000080                . = ALIGN (0x4)
                0x20000080                _sbss = .
                0x20000080                _szero = .
 *(.bss .bss.*)
 .bss           0x20000080       0x1c c:/program files (x86)/atmel/studio/7.0/toolchain/arm/arm-gnu-toolchain/bin/../lib/gcc/arm-none-eabi/6.3.1/thumb/v6-m/crtbegin.o
 .bss           0x2000009c     0x1130 driver/elog_drv.o
                0x200000ac                elog_list_deep
 .bss           0x200011cc     0x1238 driver/uart_fpga.o
                0x200011d0                cur_rcv_info
                0x200012e0                fpga_rcv_total_cnt
                0x200012e4                can_send_total_cnt
                0x200012f4                fpga_list_deep
                0x200013fc                fpga_send_total_cnt
                0x20002400                can_rcv_total_cnt
 .bss           0x20002404       0x20 driver_init.o
 .bss           0x20002424        0x4 hal/utils/src/utils_syscalls.o
 .bss           0x20002428       0x2c hpl/can/hpl_can.o
 .bss           0x20002454       0x90 hpl/dmac/hpl_dmac.o
 .bss           0x200024e4        0x8 hpl/sercom/hpl_sercom.o
 .bss           0x200024ec        0x4 hpl/tc/hpl_tc.o
 .bss.__malloc_free_list
                0x200024f0        0x4 c:/program files (x86)/atmel/studio/7.0/toolchain/arm/arm-gnu-toolchain/bin/../lib/gcc/arm-none-eabi/6.3.1/../../../../arm-none-eabi/lib/thumb/v6-m\libc_nano.a(lib_a-nano-mallocr.o)
                0x200024f0                __malloc_free_list
 .bss.__malloc_sbrk_start
                0x200024f4        0x4 c:/program files (x86)/atmel/studio/7.0/toolchain/arm/arm-gnu-toolchain/bin/../lib/gcc/arm-none-eabi/6.3.1/../../../../arm-none-eabi/lib/thumb/v6-m\libc_nano.a(lib_a-nano-mallocr.o)
                0x200024f4                __malloc_sbrk_start
 *(COMMON)
 COMMON         0x200024f8       0x16 driver/can_drv.o
                0x200024f8                sys_config
                0x200024fe                canRxMsg_123
                0x20002506                canTxMsg_485
 *fill*         0x2000250e        0x2 
 COMMON         0x20002510       0x24 driver/elog_drv.o
                0x20002510                array_elog
                0x20002520                fpga_reboot_tt
 COMMON         0x20002534       0x10 driver/uart_fpga.o
                0x20002534                fpga_array
 COMMON         0x20002544       0xe8 driver_init.o
                0x20002544                CAN_0
                0x2000256c                WDT_0
                0x20002570                USART_0
                0x200025c0                USART_1
                0x20002610                TIMER_0
 COMMON         0x2000262c       0x40 hpl/can/hpl_can.o
                0x2000262c                can0_rx_fifo
                0x2000264c                can0_tx_fifo
 *fill*         0x2000266c        0x4 
 COMMON         0x20002670      0x180 hpl/dmac/hpl_dmac.o
                0x20002670                _descriptor_section
                0x20002730                _write_back_section
 COMMON         0x200027f0        0x4 c:/program files (x86)/atmel/studio/7.0/toolchain/arm/arm-gnu-toolchain/bin/../lib/gcc/arm-none-eabi/6.3.1/../../../../arm-none-eabi/lib/thumb/v6-m\libc_nano.a(lib_a-reent.o)
                0x200027f0                errno
                0x200027f4                . = ALIGN (0x4)
                0x200027f4                _ebss = .
                0x200027f4                _ezero = .

.stack          0x200027f4     0x2004 load address 0x00005974
                0x200027f8                . = ALIGN (0x8)
 *fill*         0x200027f4        0x4 
                0x200027f8                _sstack = .
                0x200047f8                . = (. + STACK_SIZE)
 *fill*         0x200027f8     0x2000 
                0x200047f8                . = ALIGN (0x8)
                0x200047f8                _estack = .
                0x200047f8                . = ALIGN (0x4)
                0x200047f8                _end = .
OUTPUT(x1z_c21.elf elf32-littlearm)

.ARM.attributes
                0x00000000       0x28
 .ARM.attributes
                0x00000000       0x1e c:/program files (x86)/atmel/studio/7.0/toolchain/arm/arm-gnu-toolchain/bin/../lib/gcc/arm-none-eabi/6.3.1/thumb/v6-m/crti.o
 .ARM.attributes
                0x0000001e       0x2c c:/program files (x86)/atmel/studio/7.0/toolchain/arm/arm-gnu-toolchain/bin/../lib/gcc/arm-none-eabi/6.3.1/thumb/v6-m/crtbegin.o
 .ARM.attributes
                0x0000004a       0x32 atmel_start.o
 .ARM.attributes
                0x0000007c       0x32 Device_Startup/startup_samc21.o
 .ARM.attributes
                0x000000ae       0x32 driver/can_drv.o
 .ARM.attributes
                0x000000e0       0x32 driver/elog_drv.o
 .ARM.attributes
                0x00000112       0x32 driver/loop_array.o
 .ARM.attributes
                0x00000144       0x32 driver/uart_fpga.o
 .ARM.attributes
                0x00000176       0x32 driver/uart_tx_fifo.o
 .ARM.attributes
                0x000001a8       0x32 driver_init.o
 .ARM.attributes
                0x000001da       0x32 hal/src/hal_atomic.o
 .ARM.attributes
                0x0000020c       0x32 hal/src/hal_can_async.o
 .ARM.attributes
                0x0000023e       0x32 hal/src/hal_io.o
 .ARM.attributes
                0x00000270       0x32 hal/src/hal_timer.o
 .ARM.attributes
                0x000002a2       0x32 hal/src/hal_usart_async.o
 .ARM.attributes
                0x000002d4       0x32 hal/utils/src/utils_list.o
 .ARM.attributes
                0x00000306       0x32 hal/utils/src/utils_ringbuffer.o
 .ARM.attributes
                0x00000338       0x32 hal/utils/src/utils_syscalls.o
 .ARM.attributes
                0x0000036a       0x32 hpl/can/hpl_can.o
 .ARM.attributes
                0x0000039c       0x32 hpl/core/hpl_core_m0plus_base.o
 .ARM.attributes
                0x000003ce       0x32 hpl/core/hpl_init.o
 .ARM.attributes
                0x00000400       0x32 hpl/divas/hpl_divas.o
 .ARM.attributes
                0x00000432       0x32 hpl/dmac/hpl_dmac.o
 .ARM.attributes
                0x00000464       0x32 hpl/gclk/hpl_gclk.o
 .ARM.attributes
                0x00000496       0x32 hpl/mclk/hpl_mclk.o
 .ARM.attributes
                0x000004c8       0x32 hpl/osc32kctrl/hpl_osc32kctrl.o
 .ARM.attributes
                0x000004fa       0x32 hpl/oscctrl/hpl_oscctrl.o
 .ARM.attributes
                0x0000052c       0x32 hpl/sercom/hpl_sercom.o
 .ARM.attributes
                0x0000055e       0x32 hpl/tc/hpl_tc.o
 .ARM.attributes
                0x00000590       0x32 hpl/wdt/hpl_wdt.o
 .ARM.attributes
                0x000005c2       0x32 main.o
 .ARM.attributes
                0x000005f4       0x1e c:/program files (x86)/atmel/studio/7.0/toolchain/arm/arm-gnu-toolchain/bin/../lib/gcc/arm-none-eabi/6.3.1/thumb/v6-m\libgcc.a(_thumb1_case_uqi.o)
 .ARM.attributes
                0x00000612       0x2c c:/program files (x86)/atmel/studio/7.0/toolchain/arm/arm-gnu-toolchain/bin/../lib/gcc/arm-none-eabi/6.3.1/thumb/v6-m\libgcc.a(_muldi3.o)
 .ARM.attributes
                0x0000063e       0x2c c:/program files (x86)/atmel/studio/7.0/toolchain/arm/arm-gnu-toolchain/bin/../lib/gcc/arm-none-eabi/6.3.1/../../../../arm-none-eabi/lib/thumb/v6-m\libc_nano.a(lib_a-impure.o)
 .ARM.attributes
                0x0000066a       0x2c c:/program files (x86)/atmel/studio/7.0/toolchain/arm/arm-gnu-toolchain/bin/../lib/gcc/arm-none-eabi/6.3.1/../../../../arm-none-eabi/lib/thumb/v6-m\libc_nano.a(lib_a-init.o)
 .ARM.attributes
                0x00000696       0x2c c:/program files (x86)/atmel/studio/7.0/toolchain/arm/arm-gnu-toolchain/bin/../lib/gcc/arm-none-eabi/6.3.1/../../../../arm-none-eabi/lib/thumb/v6-m\libc_nano.a(lib_a-malloc.o)
 .ARM.attributes
                0x000006c2       0x2c c:/program files (x86)/atmel/studio/7.0/toolchain/arm/arm-gnu-toolchain/bin/../lib/gcc/arm-none-eabi/6.3.1/../../../../arm-none-eabi/lib/thumb/v6-m\libc_nano.a(lib_a-memcpy-stub.o)
 .ARM.attributes
                0x000006ee       0x2c c:/program files (x86)/atmel/studio/7.0/toolchain/arm/arm-gnu-toolchain/bin/../lib/gcc/arm-none-eabi/6.3.1/../../../../arm-none-eabi/lib/thumb/v6-m\libc_nano.a(lib_a-nano-freer.o)
 .ARM.attributes
                0x0000071a       0x2c c:/program files (x86)/atmel/studio/7.0/toolchain/arm/arm-gnu-toolchain/bin/../lib/gcc/arm-none-eabi/6.3.1/../../../../arm-none-eabi/lib/thumb/v6-m\libc_nano.a(lib_a-nano-mallocr.o)
 .ARM.attributes
                0x00000746       0x2c c:/program files (x86)/atmel/studio/7.0/toolchain/arm/arm-gnu-toolchain/bin/../lib/gcc/arm-none-eabi/6.3.1/../../../../arm-none-eabi/lib/thumb/v6-m\libc_nano.a(lib_a-sbrkr.o)
 .ARM.attributes
                0x00000772       0x1c c:/program files (x86)/atmel/studio/7.0/toolchain/arm/arm-gnu-toolchain/bin/../lib/gcc/arm-none-eabi/6.3.1/../../../../arm-none-eabi/lib/thumb/v6-m\libc_nano.a(lib_a-strlen.o)
 .ARM.attributes
                0x0000078e       0x2c c:/program files (x86)/atmel/studio/7.0/toolchain/arm/arm-gnu-toolchain/bin/../lib/gcc/arm-none-eabi/6.3.1/../../../../arm-none-eabi/lib/thumb/v6-m\libc_nano.a(lib_a-strstr.o)
 .ARM.attributes
                0x000007ba       0x2c c:/program files (x86)/atmel/studio/7.0/toolchain/arm/arm-gnu-toolchain/bin/../lib/gcc/arm-none-eabi/6.3.1/../../../../arm-none-eabi/lib/thumb/v6-m\libc_nano.a(lib_a-vsprintf.o)
 .ARM.attributes
                0x000007e6       0x2c c:/program files (x86)/atmel/studio/7.0/toolchain/arm/arm-gnu-toolchain/bin/../lib/gcc/arm-none-eabi/6.3.1/../../../../arm-none-eabi/lib/thumb/v6-m\libc_nano.a(lib_a-findfp.o)
 .ARM.attributes
                0x00000812       0x2c c:/program files (x86)/atmel/studio/7.0/toolchain/arm/arm-gnu-toolchain/bin/../lib/gcc/arm-none-eabi/6.3.1/../../../../arm-none-eabi/lib/thumb/v6-m\libc_nano.a(lib_a-mlock.o)
 .ARM.attributes
                0x0000083e       0x2c c:/program files (x86)/atmel/studio/7.0/toolchain/arm/arm-gnu-toolchain/bin/../lib/gcc/arm-none-eabi/6.3.1/../../../../arm-none-eabi/lib/thumb/v6-m\libc_nano.a(lib_a-nano-svfprintf.o)
 .ARM.attributes
                0x0000086a       0x2c c:/program files (x86)/atmel/studio/7.0/toolchain/arm/arm-gnu-toolchain/bin/../lib/gcc/arm-none-eabi/6.3.1/../../../../arm-none-eabi/lib/thumb/v6-m\libc_nano.a(lib_a-nano-vfprintf_i.o)
 .ARM.attributes
                0x00000896       0x2c c:/program files (x86)/atmel/studio/7.0/toolchain/arm/arm-gnu-toolchain/bin/../lib/gcc/arm-none-eabi/6.3.1/../../../../arm-none-eabi/lib/thumb/v6-m\libc_nano.a(lib_a-reent.o)
 .ARM.attributes
                0x000008c2       0x2c c:/program files (x86)/atmel/studio/7.0/toolchain/arm/arm-gnu-toolchain/bin/../lib/gcc/arm-none-eabi/6.3.1/../../../../arm-none-eabi/lib/thumb/v6-m\libc_nano.a(lib_a-memchr-stub.o)
 .ARM.attributes
                0x000008ee       0x2c c:/program files (x86)/atmel/studio/7.0/toolchain/arm/arm-gnu-toolchain/bin/../lib/gcc/arm-none-eabi/6.3.1/../../../../arm-none-eabi/lib/thumb/v6-m\libc_nano.a(lib_a-memmove.o)
 .ARM.attributes
                0x0000091a       0x2c c:/program files (x86)/atmel/studio/7.0/toolchain/arm/arm-gnu-toolchain/bin/../lib/gcc/arm-none-eabi/6.3.1/../../../../arm-none-eabi/lib/thumb/v6-m\libc_nano.a(lib_a-nano-reallocr.o)
 .ARM.attributes
                0x00000946       0x2c c:/program files (x86)/atmel/studio/7.0/toolchain/arm/arm-gnu-toolchain/bin/../lib/gcc/arm-none-eabi/6.3.1/../../../../arm-none-eabi/lib/thumb/v6-m\libc_nano.a(lib_a-nano-msizer.o)
 .ARM.attributes
                0x00000972       0x1e c:/program files (x86)/atmel/studio/7.0/toolchain/arm/arm-gnu-toolchain/bin/../lib/gcc/arm-none-eabi/6.3.1/thumb/v6-m/crtn.o

.comment        0x00000000       0x59
 .comment       0x00000000       0x59 atmel_start.o
                                 0x5a (size before relaxing)
 .comment       0x00000059       0x5a Device_Startup/startup_samc21.o
 .comment       0x00000059       0x5a driver/can_drv.o
 .comment       0x00000059       0x5a driver/elog_drv.o
 .comment       0x00000059       0x5a driver/loop_array.o
 .comment       0x00000059       0x5a driver/uart_fpga.o
 .comment       0x00000059       0x5a driver/uart_tx_fifo.o
 .comment       0x00000059       0x5a driver_init.o
 .comment       0x00000059       0x5a hal/src/hal_atomic.o
 .comment       0x00000059       0x5a hal/src/hal_can_async.o
 .comment       0x00000059       0x5a hal/src/hal_io.o
 .comment       0x00000059       0x5a hal/src/hal_timer.o
 .comment       0x00000059       0x5a hal/src/hal_usart_async.o
 .comment       0x00000059       0x5a hal/utils/src/utils_list.o
 .comment       0x00000059       0x5a hal/utils/src/utils_ringbuffer.o
 .comment       0x00000059       0x5a hal/utils/src/utils_syscalls.o
 .comment       0x00000059       0x5a hpl/can/hpl_can.o
 .comment       0x00000059       0x5a hpl/core/hpl_core_m0plus_base.o
 .comment       0x00000059       0x5a hpl/core/hpl_init.o
 .comment       0x00000059       0x5a hpl/divas/hpl_divas.o
 .comment       0x00000059       0x5a hpl/dmac/hpl_dmac.o
 .comment       0x00000059       0x5a hpl/gclk/hpl_gclk.o
 .comment       0x00000059       0x5a hpl/mclk/hpl_mclk.o
 .comment       0x00000059       0x5a hpl/osc32kctrl/hpl_osc32kctrl.o
 .comment       0x00000059       0x5a hpl/oscctrl/hpl_oscctrl.o
 .comment       0x00000059       0x5a hpl/sercom/hpl_sercom.o
 .comment       0x00000059       0x5a hpl/tc/hpl_tc.o
 .comment       0x00000059       0x5a hpl/wdt/hpl_wdt.o
 .comment       0x00000059       0x5a main.o

.debug_frame    0x00000000      0x4d0
 .debug_frame   0x00000000       0x34 c:/program files (x86)/atmel/studio/7.0/toolchain/arm/arm-gnu-toolchain/bin/../lib/gcc/arm-none-eabi/6.3.1/thumb/v6-m\libgcc.a(_muldi3.o)
 .debug_frame   0x00000034       0x2c c:/program files (x86)/atmel/studio/7.0/toolchain/arm/arm-gnu-toolchain/bin/../lib/gcc/arm-none-eabi/6.3.1/../../../../arm-none-eabi/lib/thumb/v6-m\libc_nano.a(lib_a-init.o)
 .debug_frame   0x00000060       0x40 c:/program files (x86)/atmel/studio/7.0/toolchain/arm/arm-gnu-toolchain/bin/../lib/gcc/arm-none-eabi/6.3.1/../../../../arm-none-eabi/lib/thumb/v6-m\libc_nano.a(lib_a-malloc.o)
 .debug_frame   0x000000a0       0x28 c:/program files (x86)/atmel/studio/7.0/toolchain/arm/arm-gnu-toolchain/bin/../lib/gcc/arm-none-eabi/6.3.1/../../../../arm-none-eabi/lib/thumb/v6-m\libc_nano.a(lib_a-memcpy-stub.o)
 .debug_frame   0x000000c8       0x2c c:/program files (x86)/atmel/studio/7.0/toolchain/arm/arm-gnu-toolchain/bin/../lib/gcc/arm-none-eabi/6.3.1/../../../../arm-none-eabi/lib/thumb/v6-m\libc_nano.a(lib_a-nano-freer.o)
 .debug_frame   0x000000f4       0x2c c:/program files (x86)/atmel/studio/7.0/toolchain/arm/arm-gnu-toolchain/bin/../lib/gcc/arm-none-eabi/6.3.1/../../../../arm-none-eabi/lib/thumb/v6-m\libc_nano.a(lib_a-nano-mallocr.o)
 .debug_frame   0x00000120       0x2c c:/program files (x86)/atmel/studio/7.0/toolchain/arm/arm-gnu-toolchain/bin/../lib/gcc/arm-none-eabi/6.3.1/../../../../arm-none-eabi/lib/thumb/v6-m\libc_nano.a(lib_a-sbrkr.o)
 .debug_frame   0x0000014c       0x28 c:/program files (x86)/atmel/studio/7.0/toolchain/arm/arm-gnu-toolchain/bin/../lib/gcc/arm-none-eabi/6.3.1/../../../../arm-none-eabi/lib/thumb/v6-m\libc_nano.a(lib_a-strstr.o)
 .debug_frame   0x00000174       0x44 c:/program files (x86)/atmel/studio/7.0/toolchain/arm/arm-gnu-toolchain/bin/../lib/gcc/arm-none-eabi/6.3.1/../../../../arm-none-eabi/lib/thumb/v6-m\libc_nano.a(lib_a-vsprintf.o)
 .debug_frame   0x000001b8      0x140 c:/program files (x86)/atmel/studio/7.0/toolchain/arm/arm-gnu-toolchain/bin/../lib/gcc/arm-none-eabi/6.3.1/../../../../arm-none-eabi/lib/thumb/v6-m\libc_nano.a(lib_a-findfp.o)
 .debug_frame   0x000002f8       0x30 c:/program files (x86)/atmel/studio/7.0/toolchain/arm/arm-gnu-toolchain/bin/../lib/gcc/arm-none-eabi/6.3.1/../../../../arm-none-eabi/lib/thumb/v6-m\libc_nano.a(lib_a-mlock.o)
 .debug_frame   0x00000328       0x74 c:/program files (x86)/atmel/studio/7.0/toolchain/arm/arm-gnu-toolchain/bin/../lib/gcc/arm-none-eabi/6.3.1/../../../../arm-none-eabi/lib/thumb/v6-m\libc_nano.a(lib_a-nano-svfprintf.o)
 .debug_frame   0x0000039c       0x54 c:/program files (x86)/atmel/studio/7.0/toolchain/arm/arm-gnu-toolchain/bin/../lib/gcc/arm-none-eabi/6.3.1/../../../../arm-none-eabi/lib/thumb/v6-m\libc_nano.a(lib_a-nano-vfprintf_i.o)
 .debug_frame   0x000003f0       0x48 c:/program files (x86)/atmel/studio/7.0/toolchain/arm/arm-gnu-toolchain/bin/../lib/gcc/arm-none-eabi/6.3.1/../../../../arm-none-eabi/lib/thumb/v6-m\libc_nano.a(lib_a-reent.o)
 .debug_frame   0x00000438       0x20 c:/program files (x86)/atmel/studio/7.0/toolchain/arm/arm-gnu-toolchain/bin/../lib/gcc/arm-none-eabi/6.3.1/../../../../arm-none-eabi/lib/thumb/v6-m\libc_nano.a(lib_a-memchr-stub.o)
 .debug_frame   0x00000458       0x28 c:/program files (x86)/atmel/studio/7.0/toolchain/arm/arm-gnu-toolchain/bin/../lib/gcc/arm-none-eabi/6.3.1/../../../../arm-none-eabi/lib/thumb/v6-m\libc_nano.a(lib_a-memmove.o)
 .debug_frame   0x00000480       0x30 c:/program files (x86)/atmel/studio/7.0/toolchain/arm/arm-gnu-toolchain/bin/../lib/gcc/arm-none-eabi/6.3.1/../../../../arm-none-eabi/lib/thumb/v6-m\libc_nano.a(lib_a-nano-reallocr.o)
 .debug_frame   0x000004b0       0x20 c:/program files (x86)/atmel/studio/7.0/toolchain/arm/arm-gnu-toolchain/bin/../lib/gcc/arm-none-eabi/6.3.1/../../../../arm-none-eabi/lib/thumb/v6-m\libc_nano.a(lib_a-nano-msizer.o)
