Archive member included to satisfy reference by file (symbol)

c:/program files (x86)/atmel/studio/7.0/toolchain/arm/arm-gnu-toolchain/bin/../lib/gcc/arm-none-eabi/6.3.1/thumb/v6-m\libgcc.a(_aeabi_uldivmod.o)
                              hpl/sercom/hpl_sercom.o (__aeabi_uldivmod)
c:/program files (x86)/atmel/studio/7.0/toolchain/arm/arm-gnu-toolchain/bin/../lib/gcc/arm-none-eabi/6.3.1/thumb/v6-m\libgcc.a(_muldi3.o)
                              hpl/sercom/hpl_sercom.o (__aeabi_lmul)
c:/program files (x86)/atmel/studio/7.0/toolchain/arm/arm-gnu-toolchain/bin/../lib/gcc/arm-none-eabi/6.3.1/thumb/v6-m\libgcc.a(_ffssi2.o)
                              hpl/eic/hpl_eic.o (__ffssi2)
c:/program files (x86)/atmel/studio/7.0/toolchain/arm/arm-gnu-toolchain/bin/../lib/gcc/arm-none-eabi/6.3.1/thumb/v6-m\libgcc.a(_fixunsdfsi.o)
                              hpl/sercom/hpl_sercom.o (__aeabi_d2uiz)
c:/program files (x86)/atmel/studio/7.0/toolchain/arm/arm-gnu-toolchain/bin/../lib/gcc/arm-none-eabi/6.3.1/thumb/v6-m\libgcc.a(_udivmoddi4.o)
                              c:/program files (x86)/atmel/studio/7.0/toolchain/arm/arm-gnu-toolchain/bin/../lib/gcc/arm-none-eabi/6.3.1/thumb/v6-m\libgcc.a(_aeabi_uldivmod.o) (__udivmoddi4)
c:/program files (x86)/atmel/studio/7.0/toolchain/arm/arm-gnu-toolchain/bin/../lib/gcc/arm-none-eabi/6.3.1/thumb/v6-m\libgcc.a(divdf3.o)
                              hpl/sercom/hpl_sercom.o (__aeabi_ddiv)
c:/program files (x86)/atmel/studio/7.0/toolchain/arm/arm-gnu-toolchain/bin/../lib/gcc/arm-none-eabi/6.3.1/thumb/v6-m\libgcc.a(muldf3.o)
                              hpl/sercom/hpl_sercom.o (__aeabi_dmul)
c:/program files (x86)/atmel/studio/7.0/toolchain/arm/arm-gnu-toolchain/bin/../lib/gcc/arm-none-eabi/6.3.1/thumb/v6-m\libgcc.a(subdf3.o)
                              hpl/sercom/hpl_sercom.o (__aeabi_dsub)
c:/program files (x86)/atmel/studio/7.0/toolchain/arm/arm-gnu-toolchain/bin/../lib/gcc/arm-none-eabi/6.3.1/thumb/v6-m\libgcc.a(fixdfsi.o)
                              c:/program files (x86)/atmel/studio/7.0/toolchain/arm/arm-gnu-toolchain/bin/../lib/gcc/arm-none-eabi/6.3.1/thumb/v6-m\libgcc.a(_fixunsdfsi.o) (__aeabi_d2iz)
c:/program files (x86)/atmel/studio/7.0/toolchain/arm/arm-gnu-toolchain/bin/../lib/gcc/arm-none-eabi/6.3.1/thumb/v6-m\libgcc.a(floatsidf.o)
                              hpl/sercom/hpl_sercom.o (__aeabi_i2d)
c:/program files (x86)/atmel/studio/7.0/toolchain/arm/arm-gnu-toolchain/bin/../lib/gcc/arm-none-eabi/6.3.1/thumb/v6-m\libgcc.a(floatunsidf.o)
                              hpl/sercom/hpl_sercom.o (__aeabi_ui2d)
c:/program files (x86)/atmel/studio/7.0/toolchain/arm/arm-gnu-toolchain/bin/../lib/gcc/arm-none-eabi/6.3.1/thumb/v6-m\libgcc.a(_dvmd_tls.o)
                              c:/program files (x86)/atmel/studio/7.0/toolchain/arm/arm-gnu-toolchain/bin/../lib/gcc/arm-none-eabi/6.3.1/thumb/v6-m\libgcc.a(_aeabi_uldivmod.o) (__aeabi_ldiv0)
c:/program files (x86)/atmel/studio/7.0/toolchain/arm/arm-gnu-toolchain/bin/../lib/gcc/arm-none-eabi/6.3.1/thumb/v6-m\libgcc.a(_arm_cmpdf2.o)
                              c:/program files (x86)/atmel/studio/7.0/toolchain/arm/arm-gnu-toolchain/bin/../lib/gcc/arm-none-eabi/6.3.1/thumb/v6-m\libgcc.a(_fixunsdfsi.o) (__aeabi_dcmpge)
c:/program files (x86)/atmel/studio/7.0/toolchain/arm/arm-gnu-toolchain/bin/../lib/gcc/arm-none-eabi/6.3.1/thumb/v6-m\libgcc.a(_clzsi2.o)
                              c:/program files (x86)/atmel/studio/7.0/toolchain/arm/arm-gnu-toolchain/bin/../lib/gcc/arm-none-eabi/6.3.1/thumb/v6-m\libgcc.a(divdf3.o) (__clzsi2)
c:/program files (x86)/atmel/studio/7.0/toolchain/arm/arm-gnu-toolchain/bin/../lib/gcc/arm-none-eabi/6.3.1/thumb/v6-m\libgcc.a(_clzdi2.o)
                              c:/program files (x86)/atmel/studio/7.0/toolchain/arm/arm-gnu-toolchain/bin/../lib/gcc/arm-none-eabi/6.3.1/thumb/v6-m\libgcc.a(_udivmoddi4.o) (__clzdi2)
c:/program files (x86)/atmel/studio/7.0/toolchain/arm/arm-gnu-toolchain/bin/../lib/gcc/arm-none-eabi/6.3.1/thumb/v6-m\libgcc.a(_ctzsi2.o)
                              c:/program files (x86)/atmel/studio/7.0/toolchain/arm/arm-gnu-toolchain/bin/../lib/gcc/arm-none-eabi/6.3.1/thumb/v6-m\libgcc.a(_ffssi2.o) (__ctzsi2)
c:/program files (x86)/atmel/studio/7.0/toolchain/arm/arm-gnu-toolchain/bin/../lib/gcc/arm-none-eabi/6.3.1/thumb/v6-m\libgcc.a(eqdf2.o)
                              c:/program files (x86)/atmel/studio/7.0/toolchain/arm/arm-gnu-toolchain/bin/../lib/gcc/arm-none-eabi/6.3.1/thumb/v6-m\libgcc.a(_arm_cmpdf2.o) (__eqdf2)
c:/program files (x86)/atmel/studio/7.0/toolchain/arm/arm-gnu-toolchain/bin/../lib/gcc/arm-none-eabi/6.3.1/thumb/v6-m\libgcc.a(gedf2.o)
                              c:/program files (x86)/atmel/studio/7.0/toolchain/arm/arm-gnu-toolchain/bin/../lib/gcc/arm-none-eabi/6.3.1/thumb/v6-m\libgcc.a(_arm_cmpdf2.o) (__gedf2)
c:/program files (x86)/atmel/studio/7.0/toolchain/arm/arm-gnu-toolchain/bin/../lib/gcc/arm-none-eabi/6.3.1/thumb/v6-m\libgcc.a(ledf2.o)
[...]
Memory Configuration

Name             Origin             Length             Attributes
rom              0x00000000         0x00040000         xr
ram              0x20000000         0x00008000         xrw
*default*        0x00000000         0xffffffff

Linker script and memory map

LOAD c:/program files (x86)/atmel/studio/7.0/toolchain/arm/arm-gnu-toolchain/bin/../lib/gcc/arm-none-eabi/6.3.1/thumb/v6-m/crti.o
LOAD c:/program files (x86)/atmel/studio/7.0/toolchain/arm/arm-gnu-toolchain/bin/../lib/gcc/arm-none-eabi/6.3.1/thumb/v6-m/crtbegin.o
LOAD c:/program files (x86)/atmel/studio/7.0/toolchain/arm/arm-gnu-toolchain/bin/../lib/gcc/arm-none-eabi/6.3.1/../../../../arm-none-eabi/lib/thumb/v6-m/crt0.o
LOAD atmel_start.o
LOAD Device_Startup/startup_samc21.o
LOAD Device_Startup/system_samc21.o
LOAD driver/can_drv.o
LOAD driver/elog_drv.o
LOAD driver/loop_array.o
LOAD driver/uart_fpga.o
LOAD driver/uart_tx_fifo.o
LOAD driver_init.o
LOAD examples/driver_examples.o
LOAD hal/src/hal_atomic.o
LOAD hal/src/hal_can_async.o
LOAD hal/src/hal_delay.o
LOAD hal/src/hal_ext_irq.o
LOAD hal/src/hal_gpio.o
LOAD hal/src/hal_init.o
LOAD hal/src/hal_io.o
LOAD hal/src/hal_sleep.o
LOAD hal/src/hal_timer.o
LOAD hal/src/hal_usart_async.o
LOAD hal/src/hal_wdt.o
LOAD hal/utils/src/utils_assert.o
LOAD hal/utils/src/utils_event.o
LOAD hal/utils/src/utils_list.o
LOAD hal/utils/src/utils_ringbuffer.o
LOAD hal/utils/src/utils_syscalls.o
LOAD hpl/can/hpl_can.o
LOAD hpl/core/hpl_core_m0plus_base.o
LOAD hpl/core/hpl_init.o
LOAD hpl/divas/hpl_divas.o
LOAD hpl/dmac/hpl_dmac.o
LOAD hpl/eic/hpl_eic.o
LOAD hpl/gclk/hpl_gclk.o
LOAD hpl/mclk/hpl_mclk.o
LOAD hpl/osc32kctrl/hpl_osc32kctrl.o
LOAD hpl/oscctrl/hpl_oscctrl.o
LOAD hpl/pm/hpl_pm.o
LOAD hpl/sercom/hpl_sercom.o
LOAD hpl/tc/hpl_tc.o
LOAD hpl/wdt/hpl_wdt.o
LOAD main.o
START GROUP
LOAD c:/program files (x86)/atmel/studio/7.0/toolchain/arm/arm-gnu-toolchain/bin/../lib/gcc/arm-none-eabi/6.3.1/../../../../arm-none-eabi/lib/thumb/v6-m\libm.a
END GROUP
START GROUP
LOAD c:/program files (x86)/atmel/studio/7.0/toolchain/arm/arm-gnu-toolchain/bin/../lib/gcc/arm-none-eabi/6.3.1/thumb/v6-m\libgcc.a
LOAD c:/program files (x86)/atmel/studio/7.0/toolchain/arm/arm-gnu-toolchain/bin/../lib/gcc/arm-none-eabi/6.3.1/../../../../arm-none-eabi/lib/thumb/v6-m\libc_nano.a
END GROUP
START GROUP
LOAD c:/program files (x86)/atmel/studio/7.0/toolchain/arm/arm-gnu-toolchain/bin/../lib/gcc/arm-none-eabi/6.3.1/thumb/v6-m\libgcc.a
LOAD c:/program files (x86)/atmel/studio/7.0/toolchain/arm/arm-gnu-toolchain/bin/../lib/gcc/arm-none-eabi/6.3.1/../../../../arm-none-eabi/lib/thumb/v6-m\libc_nano.a
END GROUP
LOAD c:/program files (x86)/atmel/studio/7.0/toolchain/arm/arm-gnu-toolchain/bin/../lib/gcc/arm-none-eabi/6.3.1/thumb/v6-m/crtend.o
LOAD c:/program files (x86)/atmel/studio/7.0/toolchain/arm/arm-gnu-toolchain/bin/../lib/gcc/arm-none-eabi/6.3.1/thumb/v6-m/crtn.o
                0x00002000                STACK_SIZE = DEFINED (STACK_SIZE)?STACK_SIZE:DEFINED (__stack_size__)?__stack_size__:0x2000

.text           0x00000000     0x4010
                0x00000000                . = ALIGN (0x4)
                0x00000000                _sfixed = .
 *(.vectors .vectors.*)
 .vectors       0x00000000       0xbc Device_Startup/startup_samc21.o
                0x00000000                exception_table
 *(.text .text.* .gnu.linkonce.t.*)
 .text          0x000000bc       0x60 c:/program files (x86)/atmel/studio/7.0/toolchain/arm/arm-gnu-toolchain/bin/../lib/gcc/arm-none-eabi/6.3.1/thumb/v6-m/crtbegin.o
 .text.atmel_start_init
                0x0000011c        0xc atmel_start.o
                0x0000011c                atmel_start_init
 .text.Dummy_Handler
                0x00000128        0x2 Device_Startup/startup_samc21.o
                0x00000128                SVCall_Handler
                0x00000128                HardFault_Handler
                0x00000128                TC2_Handler
                0x00000128                AC_Handler
                0x00000128                SysTick_Handler
                0x00000128                PendSV_Handler
                0x00000128                SERCOM1_Handler
                0x00000128                NonMaskableInt_Handler
                0x00000128                TCC1_Handler
                0x00000128                TCC0_Handler
                0x00000128                RTC_Handler
                0x00000128                ADC1_Handler
                0x00000128                WDT_Handler
                0x00000128                TC4_Handler
                0x00000128                TC1_Handler
                0x00000128                TC3_Handler
                0x00000128                SDADC_Handler
                0x00000128                Dummy_Handler
                0x00000128                ADC0_Handler
                0x00000128                TSENS_Handler
                0x00000128                TCC2_Handler
                0x00000128                EVSYS_Handler
                0x00000128                NVMCTRL_Handler
                0x00000128                SYSTEM_Handler
                0x00000128                SERCOM0_Handler
                0x00000128                DAC_Handler
                0x00000128                PTC_Handler
                0x00000128                FREQM_Handler
 *fill*         0x0000012a        0x2 
 .text.Reset_Handler
                0x0000012c       0x88 Device_Startup/startup_samc21.o
                0x0000012c                Reset_Handler
 .text.can_0_rx_callback
                0x000001b4       0xe4 driver/can_drv.o
 .text.can_drv_init
                0x00000298       0x78 driver/can_drv.o
                0x00000298                can_drv_init
 .text.elog_keep_online_cb
                0x00000310        0xc driver/elog_drv.o
 .text.can_wakeup_cb
                0x0000031c        0xc driver/elog_drv.o
                0x0000031c                can_wakeup_cb
 .text.elog_tx_cb
                0x00000328        0xc driver/elog_drv.o
 .text.sys_config_set_default
                0x00000334       0x18 driver/elog_drv.o
                0x00000334                sys_config_set_default
 .text.elog_print_dataes
                0x0000034c       0x2c driver/elog_drv.o
                0x0000034c                elog_print_dataes
 .text.elog_print_string
                0x00000378       0x38 driver/elog_drv.o
                0x00000378                elog_print_string
 .text.elog_init
                0x000003b0       0x5c driver/elog_drv.o
                0x000003b0                elog_init
 .text.elog_printf
                0x0000040c       0x28 driver/elog_drv.o
                0x0000040c                elog_printf
 .text.fpga_reboot_cb
                0x00000434       0x1c driver/elog_drv.o
                0x00000434                fpga_reboot_cb
 .text.fpga_reboot_f
                0x00000450       0x3c driver/elog_drv.o
                0x00000450                fpga_reboot_f
 .text.elog_process
                0x0000048c      0x57c driver/elog_drv.o
                0x0000048c                elog_process
 .text.elog_rx_cb
                0x00000a08       0x70 driver/elog_drv.o
 .text.loop_array_init
                0x00000a78       0x2c driver/loop_array.o
                0x00000a78                loop_array_init
 .text.loop_array_write
                0x00000aa4       0xa0 driver/loop_array.o
                0x00000aa4                loop_array_write
 .text.loop_array_read
                0x00000b44       0xb4 driver/loop_array.o
                0x00000b44                loop_array_read
 .text.uart_fpga_tx_cb
                0x00000bf8        0xc driver/uart_fpga.o
 .text.uart_fpga_rcv_init
                0x00000c04       0x18 driver/uart_fpga.o
 .text.uart_fpga_rx_cb
                0x00000c1c       0x68 driver/uart_fpga.o
 .text.uart_fpga_rcv_canframe
                0x00000c84       0x54 driver/uart_fpga.o
                0x00000c84                uart_fpga_rcv_canframe
 .text.fpga_print_dataes
                0x00000cd8       0x2c driver/uart_fpga.o
                0x00000cd8                fpga_print_dataes
 .text.can_rcv_2_fpga_send
                0x00000d04       0x8c driver/uart_fpga.o
                0x00000d04                can_rcv_2_fpga_send
 .text.uart_fpga_loopback_pack
                0x00000d90       0x30 driver/uart_fpga.o
                0x00000d90                uart_fpga_loopback_pack
 .text.uart_fpga_process
                0x00000dc0      0x1f0 driver/uart_fpga.o
                0x00000dc0                uart_fpga_process
 .text.uart_fpga_init
                0x00000fb0       0x84 driver/uart_fpga.o
                0x00000fb0                uart_fpga_init
 .text.tx_fifo_add
                0x00001034       0x1e driver/uart_tx_fifo.o
                0x00001034                tx_fifo_add
 *fill*         0x00001052        0x2 
 .text.tx_fifo_dec
                0x00001054       0x1c driver/uart_tx_fifo.o
                0x00001054                tx_fifo_dec
 .text.tx_fifo_write
                0x00001070       0x44 driver/uart_tx_fifo.o
                0x00001070                tx_fifo_write
 .text.EXTERNAL_IRQ_0_init
                0x000010b4       0x28 driver_init.o
                0x000010b4                EXTERNAL_IRQ_0_init
 .text.USART_0_CLOCK_init
                0x000010dc       0x20 driver_init.o
                0x000010dc                USART_0_CLOCK_init
 .text.USART_0_PORT_init
                0x000010fc       0x3e driver_init.o
                0x000010fc                USART_0_PORT_init
 *fill*         0x0000113a        0x2 
 .text.USART_0_init
                0x0000113c       0x38 driver_init.o
                0x0000113c                USART_0_init
 .text.USART_1_CLOCK_init
                0x00001174       0x20 driver_init.o
                0x00001174                USART_1_CLOCK_init
 .text.USART_1_PORT_init
                0x00001194       0x3e driver_init.o
                0x00001194                USART_1_PORT_init
 *fill*         0x000011d2        0x2 
 .text.USART_1_init
                0x000011d4       0x3c driver_init.o
                0x000011d4                USART_1_init
 .text.WDT_0_CLOCK_init
                0x00001210       0x14 driver_init.o
                0x00001210                WDT_0_CLOCK_init
 .text.WDT_0_init
                0x00001224       0x34 driver_init.o
                0x00001224                WDT_0_init
 .text.CAN_0_PORT_init
                0x00001258       0x3e driver_init.o
                0x00001258                CAN_0_PORT_init
 *fill*         0x00001296        0x2 
 .text.CAN_0_init
                0x00001298       0x3c driver_init.o
                0x00001298                CAN_0_init
 .text.system_init
                0x000012d4       0x70 driver_init.o
                0x000012d4                system_init
 .text.atomic_enter_critical
                0x00001344        0xe hal/src/hal_atomic.o
                0x00001344                atomic_enter_critical
 .text.atomic_leave_critical
                0x00001352        0xc hal/src/hal_atomic.o
                0x00001352                atomic_leave_critical
 .text.can_tx_done
                0x0000135e        0xc hal/src/hal_can_async.o
 .text.can_rx_done
                0x0000136a        0xc hal/src/hal_can_async.o
 .text.can_irq_handler
                0x00001376        0xc hal/src/hal_can_async.o
 *fill*         0x00001382        0x2 
 .text.can_async_init
                0x00001384       0x50 hal/src/hal_can_async.o
                0x00001384                can_async_init
 .text.can_async_enable
                0x000013d4       0x28 hal/src/hal_can_async.o
                0x000013d4                can_async_enable
 .text.can_async_disable
                0x000013fc       0x28 hal/src/hal_can_async.o
                0x000013fc                can_async_disable
 .text.can_async_read
                0x00001424       0x34 hal/src/hal_can_async.o
                0x00001424                can_async_read
 .text.can_async_write
                0x00001458       0x34 hal/src/hal_can_async.o
                0x00001458                can_async_write
 .text.can_async_register_callback
                0x0000148c       0x50 hal/src/hal_can_async.o
                0x0000148c                can_async_register_callback
 .text.can_async_set_filter
                0x000014dc       0x34 hal/src/hal_can_async.o
                0x000014dc                can_async_set_filter
 .text.process_ext_irq
                0x00001510       0x38 hal/src/hal_ext_irq.o
 .text.ext_irq_init
                0x00001548       0x24 hal/src/hal_ext_irq.o
                0x00001548                ext_irq_init
 .text.ext_irq_register
                0x0000156c       0x48 hal/src/hal_ext_irq.o
                0x0000156c                ext_irq_register
 .text.ext_irq_enable
                0x000015b4       0x10 hal/src/hal_ext_irq.o
                0x000015b4                ext_irq_enable
 .text.ext_irq_disable
                0x000015c4       0x10 hal/src/hal_ext_irq.o
                0x000015c4                ext_irq_disable
 .text.io_write
                0x000015d4       0x34 hal/src/hal_io.o
                0x000015d4                io_write
 .text.io_read  0x00001608       0x34 hal/src/hal_io.o
                0x00001608                io_read
 .text.sleep    0x0000163c       0x20 hal/src/hal_sleep.o
                0x0000163c                sleep
 .text.timer_add_timer_task
                0x0000165c       0x70 hal/src/hal_timer.o
 .text.timer_process_counted
                0x000016cc       0x8c hal/src/hal_timer.o
 .text.timer_init
                0x00001758       0x44 hal/src/hal_timer.o
                0x00001758                timer_init
 .text.timer_start
                0x0000179c       0x3c hal/src/hal_timer.o
                0x0000179c                timer_start
 .text.timer_add_task
                0x000017d8       0xac hal/src/hal_timer.o
                0x000017d8                timer_add_task
 .text.timer_remove_task
                0x00001884       0xa4 hal/src/hal_timer.o
                0x00001884                timer_remove_task
 .text.usart_transmission_complete
                0x00001928       0x12 hal/src/hal_usart_async.o
 .text.usart_error
                0x0000193a       0x12 hal/src/hal_usart_async.o
 .text.usart_fill_rx_buffer
                0x0000194c       0x1c hal/src/hal_usart_async.o
 .text.usart_async_write
                0x00001968       0x64 hal/src/hal_usart_async.o
 .text.usart_process_byte_sent
                0x000019cc       0x40 hal/src/hal_usart_async.o
 .text.usart_async_read
                0x00001a0c       0xe0 hal/src/hal_usart_async.o
 .text.usart_async_init
                0x00001aec       0x98 hal/src/hal_usart_async.o
                0x00001aec                usart_async_init
 .text.usart_async_enable
                0x00001b84       0x2c hal/src/hal_usart_async.o
                0x00001b84                usart_async_enable
 .text.usart_async_get_io_descriptor
                0x00001bb0       0x2c hal/src/hal_usart_async.o
                0x00001bb0                usart_async_get_io_descriptor
 .text.usart_async_register_callback
                0x00001bdc       0x78 hal/src/hal_usart_async.o
                0x00001bdc                usart_async_register_callback
 .text.usart_async_is_rx_not_empty
                0x00001c54       0x30 hal/src/hal_usart_async.o
                0x00001c54                usart_async_is_rx_not_empty
 .text.assert   0x00001c84        0x8 hal/utils/src/utils_assert.o
                0x00001c84                assert
 .text.is_list_element
                0x00001c8c       0x24 hal/utils/src/utils_list.o
                0x00001c8c                is_list_element
 .text.list_insert_as_head
                0x00001cb0       0x2c hal/utils/src/utils_list.o
                0x00001cb0                list_insert_as_head
 .text.list_insert_after
                0x00001cdc        0x8 hal/utils/src/utils_list.o
                0x00001cdc                list_insert_after
 .text.list_remove_head
                0x00001ce4        0xe hal/utils/src/utils_list.o
                0x00001ce4                list_remove_head
 .text.list_delete_element
                0x00001cf2       0x40 hal/utils/src/utils_list.o
                0x00001cf2                list_delete_element
 *fill*         0x00001d32        0x2 
 .text.ringbuffer_init
                0x00001d34       0x54 hal/utils/src/utils_ringbuffer.o
                0x00001d34                ringbuffer_init
 .text.ringbuffer_get
                0x00001d88       0x48 hal/utils/src/utils_ringbuffer.o
                0x00001d88                ringbuffer_get
 .text.ringbuffer_put
                0x00001dd0       0x40 hal/utils/src/utils_ringbuffer.o
                0x00001dd0                ringbuffer_put
 .text.ringbuffer_num
                0x00001e10       0x24 hal/utils/src/utils_ringbuffer.o
                0x00001e10                ringbuffer_num
 .text._sbrk    0x00001e34       0x24 hal/utils/src/utils_syscalls.o
                0x00001e34                _sbrk
 .text._can_async_init
                0x00001e58      0x118 hpl/can/hpl_can.o
                0x00001e58                _can_async_init
 .text._can_async_enable
                0x00001f70        0xe hpl/can/hpl_can.o
                0x00001f70                _can_async_enable
 .text._can_async_disable
                0x00001f7e        0xe hpl/can/hpl_can.o
                0x00001f7e                _can_async_disable
 .text._can_async_read
                0x00001f8c       0x9c hpl/can/hpl_can.o
                0x00001f8c                _can_async_read
 .text._can_async_write
                0x00002028      0x128 hpl/can/hpl_can.o
                0x00002028                _can_async_write
 .text._can_async_set_irq_state
                0x00002150       0x4c hpl/can/hpl_can.o
                0x00002150                _can_async_set_irq_state
 .text._can_async_set_filter
                0x0000219c       0x88 hpl/can/hpl_can.o
                0x0000219c                _can_async_set_filter
 .text.CAN0_Handler
                0x00002224       0x6c hpl/can/hpl_can.o
                0x00002224                CAN0_Handler
 .text._reset_mcu
                0x00002290       0x1c hpl/core/hpl_core_m0plus_base.o
                0x00002290                _reset_mcu
 .text._go_to_sleep
                0x000022ac        0x8 hpl/core/hpl_core_m0plus_base.o
                0x000022ac                _go_to_sleep
 .text._irq_set
                0x000022b4       0x1c hpl/core/hpl_core_m0plus_base.o
                0x000022b4                _irq_set
 .text._init_chip
                0x000022d0       0x58 hpl/core/hpl_init.o
                0x000022d0                _init_chip
 .text._div_init
                0x00002328        0xe hpl/divas/hpl_divas.o
                0x00002328                _div_init
 .text.__aeabi_uidiv
                0x00002336       0x34 hpl/divas/hpl_divas.o
                0x00002336                __aeabi_uidiv
 *fill*         0x0000236a        0x2 
 .text.__aeabi_uidivmod
                0x0000236c       0x38 hpl/divas/hpl_divas.o
                0x0000236c                __aeabi_uidivmod
 .text._dma_init
                0x000023a4       0xac hpl/dmac/hpl_dmac.o
                0x000023a4                _dma_init
 .text.DMAC_Handler
                0x00002450       0x58 hpl/dmac/hpl_dmac.o
                0x00002450                DMAC_Handler
 .text._ext_irq_init
                0x000024a8       0xb8 hpl/eic/hpl_eic.o
                0x000024a8                _ext_irq_init
 .text._ext_irq_enable
                0x00002560        0x6 hpl/eic/hpl_eic.o
                0x00002560                _ext_irq_enable
 *fill*         0x00002566        0x2 
 .text.EIC_Handler
                0x00002568       0xc0 hpl/eic/hpl_eic.o
                0x00002568                EIC_Handler
 .text._gclk_init_generators_by_fref
                0x00002628       0x60 hpl/gclk/hpl_gclk.o
                0x00002628                _gclk_init_generators_by_fref
 .text._mclk_init
                0x00002688        0xc hpl/mclk/hpl_mclk.o
                0x00002688                _mclk_init
 .text._osc32kctrl_init_sources
                0x00002694        0xc hpl/osc32kctrl/hpl_osc32kctrl.o
                0x00002694                _osc32kctrl_init_sources
 .text._oscctrl_init_sources
                0x000026a0       0x34 hpl/oscctrl/hpl_oscctrl.o
                0x000026a0                _oscctrl_init_sources
 .text._oscctrl_init_referenced_generators
                0x000026d4        0x2 hpl/oscctrl/hpl_oscctrl.o
                0x000026d4                _oscctrl_init_referenced_generators
 *fill*         0x000026d6        0x2 
 .text._set_sleep_mode
                0x000026d8       0x28 hpl/pm/hpl_pm.o
                0x000026d8                _set_sleep_mode
 .text._sercom_usart_interrupt_handler
                0x00002700       0x64 hpl/sercom/hpl_sercom.o
 .text._sercom_init_irq_param
                0x00002764       0x28 hpl/sercom/hpl_sercom.o
 .text._usart_init
                0x0000278c      0x124 hpl/sercom/hpl_sercom.o
 .text._usart_async_init
                0x000028b0       0x74 hpl/sercom/hpl_sercom.o
                0x000028b0                _usart_async_init
 .text._usart_async_enable
                0x00002924       0x14 hpl/sercom/hpl_sercom.o
                0x00002924                _usart_async_enable
 .text._usart_async_write_byte
                0x00002938        0x8 hpl/sercom/hpl_sercom.o
                0x00002938                _usart_async_write_byte
 .text._usart_async_enable_byte_sent_irq
                0x00002940        0x8 hpl/sercom/hpl_sercom.o
                0x00002940                _usart_async_enable_byte_sent_irq
 .text._usart_async_enable_tx_done_irq
                0x00002948        0x8 hpl/sercom/hpl_sercom.o
                0x00002948                _usart_async_enable_tx_done_irq
 .text._usart_async_set_irq_state
                0x00002950       0x74 hpl/sercom/hpl_sercom.o
                0x00002950                _usart_async_set_irq_state
 .text.SERCOM2_Handler
                0x000029c4       0x14 hpl/sercom/hpl_sercom.o
                0x000029c4                SERCOM2_Handler
 .text.SERCOM3_Handler
                0x000029d8       0x14 hpl/sercom/hpl_sercom.o
                0x000029d8                SERCOM3_Handler
 .text.get_tc_index
                0x000029ec       0x38 hpl/tc/hpl_tc.o
 .text._timer_init
                0x00002a24      0x194 hpl/tc/hpl_tc.o
                0x00002a24                _timer_init
 .text._timer_start
                0x00002bb8       0x14 hpl/tc/hpl_tc.o
                0x00002bb8                _timer_start
 .text._timer_is_started
                0x00002bcc       0x12 hpl/tc/hpl_tc.o
                0x00002bcc                _timer_is_started
 .text._tc_get_timer
                0x00002bde        0x4 hpl/tc/hpl_tc.o
                0x00002bde                _tc_get_timer
 *fill*         0x00002be2        0x2 
 .text._timer_set_irq
                0x00002be4       0x3c hpl/tc/hpl_tc.o
                0x00002be4                _timer_set_irq
 .text.TC0_Handler
                0x00002c20       0x20 hpl/tc/hpl_tc.o
                0x00002c20                TC0_Handler
 .text._wdt_init
                0x00002c40       0x6c hpl/wdt/hpl_wdt.o
                0x00002c40                _wdt_init
 .text._wdt_set_timeout_period
                0x00002cac      0x114 hpl/wdt/hpl_wdt.o
                0x00002cac                _wdt_set_timeout_period
 .text._wdt_enable
                0x00002dc0       0x38 hpl/wdt/hpl_wdt.o
                0x00002dc0                _wdt_enable
 .text._wdt_disable
                0x00002df8       0x50 hpl/wdt/hpl_wdt.o
                0x00002df8                _wdt_disable
 .text._wdt_feed
                0x00002e48       0x38 hpl/wdt/hpl_wdt.o
                0x00002e48                _wdt_feed
 .text.adas_power_enable
                0x00002e80       0x20 main.o
                0x00002e80                adas_power_enable
 .text.main     0x00002ea0       0xd0 main.o
                0x00002ea0                main
 .text          0x00002f70       0x54 c:/program files (x86)/atmel/studio/7.0/toolchain/arm/arm-gnu-toolchain/bin/../lib/gcc/arm-none-eabi/6.3.1/thumb/v6-m\libgcc.a(_muldi3.o)
                0x00002f70                __muldi3
                0x00002f70                __aeabi_lmul
 .text          0x00002fc4       0x14 c:/program files (x86)/atmel/studio/7.0/toolchain/arm/arm-gnu-toolchain/bin/../lib/gcc/arm-none-eabi/6.3.1/thumb/v6-m\libgcc.a(_ffssi2.o)
                0x00002fc4                __ffssi2
 .text          0x00002fd8       0x40 c:/program files (x86)/atmel/studio/7.0/toolchain/arm/arm-gnu-toolchain/bin/../lib/gcc/arm-none-eabi/6.3.1/thumb/v6-m\libgcc.a(_ctzsi2.o)
                0x00002fd8                __ctzsi2
 .text.__libc_init_array
                0x00003018       0x48 c:/program files (x86)/atmel/studio/7.0/toolchain/arm/arm-gnu-toolchain/bin/../lib/gcc/arm-none-eabi/6.3.1/../../../../arm-none-eabi/lib/thumb/v6-m\libc_nano.a(lib_a-init.o)
                0x00003018                __libc_init_array
 .text.malloc   0x00003060       0x14 c:/program files (x86)/atmel/studio/7.0/toolchain/arm/arm-gnu-toolchain/bin/../lib/gcc/arm-none-eabi/6.3.1/../../../../arm-none-eabi/lib/thumb/v6-m\libc_nano.a(lib_a-malloc.o)
                0x00003060                malloc
 .text.free     0x00003074       0x14 c:/program files (x86)/atmel/studio/7.0/toolchain/arm/arm-gnu-toolchain/bin/../lib/gcc/arm-none-eabi/6.3.1/../../../../arm-none-eabi/lib/thumb/v6-m\libc_nano.a(lib_a-malloc.o)
                0x00003074                free
 .text.memcpy   0x00003088       0x12 c:/program files (x86)/atmel/studio/7.0/toolchain/arm/arm-gnu-toolchain/bin/../lib/gcc/arm-none-eabi/6.3.1/../../../../arm-none-eabi/lib/thumb/v6-m\libc_nano.a(lib_a-memcpy-stub.o)
                0x00003088                memcpy
 *fill*         0x0000309a        0x2 
 .text._free_r  0x0000309c       0x94 c:/program files (x86)/atmel/studio/7.0/toolchain/arm/arm-gnu-toolchain/bin/../lib/gcc/arm-none-eabi/6.3.1/../../../../arm-none-eabi/lib/thumb/v6-m\libc_nano.a(lib_a-nano-freer.o)
                0x0000309c                _free_r
 .text._malloc_r
                0x00003130       0xbc c:/program files (x86)/atmel/studio/7.0/toolchain/arm/arm-gnu-toolchain/bin/../lib/gcc/arm-none-eabi/6.3.1/../../../../arm-none-eabi/lib/thumb/v6-m\libc_nano.a(lib_a-nano-mallocr.o)
                0x00003130                _malloc_r
 .text._sbrk_r  0x000031ec       0x24 c:/program files (x86)/atmel/studio/7.0/toolchain/arm/arm-gnu-toolchain/bin/../lib/gcc/arm-none-eabi/6.3.1/../../../../arm-none-eabi/lib/thumb/v6-m\libc_nano.a(lib_a-sbrkr.o)
                0x000031ec                _sbrk_r
 .text          0x00003210        0xe c:/program files (x86)/atmel/studio/7.0/toolchain/arm/arm-gnu-toolchain/bin/../lib/gcc/arm-none-eabi/6.3.1/../../../../arm-none-eabi/lib/thumb/v6-m\libc_nano.a(lib_a-strlen.o)
                0x00003210                strlen
 .text.strstr   0x0000321e       0x30 c:/program files (x86)/atmel/studio/7.0/toolchain/arm/arm-gnu-toolchain/bin/../lib/gcc/arm-none-eabi/6.3.1/../../../../arm-none-eabi/lib/thumb/v6-m\libc_nano.a(lib_a-strstr.o)
                0x0000321e                strstr
 *fill*         0x0000324e        0x2 
 .text._vsprintf_r
                0x00003250       0x30 c:/program files (x86)/atmel/studio/7.0/toolchain/arm/arm-gnu-toolchain/bin/../lib/gcc/arm-none-eabi/6.3.1/../../../../arm-none-eabi/lib/thumb/v6-m\libc_nano.a(lib_a-vsprintf.o)
                0x00003250                _vsprintf_r
                0x00003250                _vsiprintf_r
 .text.vsprintf
                0x00003280       0x18 c:/program files (x86)/atmel/studio/7.0/toolchain/arm/arm-gnu-toolchain/bin/../lib/gcc/arm-none-eabi/6.3.1/../../../../arm-none-eabi/lib/thumb/v6-m\libc_nano.a(lib_a-vsprintf.o)
                0x00003280                vsiprintf
                0x00003280                vsprintf
 .text.__malloc_lock
                0x00003298        0x2 c:/program files (x86)/atmel/studio/7.0/toolchain/arm/arm-gnu-toolchain/bin/../lib/gcc/arm-none-eabi/6.3.1/../../../../arm-none-eabi/lib/thumb/v6-m\libc_nano.a(lib_a-mlock.o)
                0x00003298                __malloc_lock
 .text.__malloc_unlock
                0x0000329a        0x2 c:/program files (x86)/atmel/studio/7.0/toolchain/arm/arm-gnu-toolchain/bin/../lib/gcc/arm-none-eabi/6.3.1/../../../../arm-none-eabi/lib/thumb/v6-m\libc_nano.a(lib_a-mlock.o)
                0x0000329a                __malloc_unlock
 .text.__ssputs_r
                0x0000329c       0xc4 c:/program files (x86)/atmel/studio/7.0/toolchain/arm/arm-gnu-toolchain/bin/../lib/gcc/arm-none-eabi/6.3.1/../../../../arm-none-eabi/lib/thumb/v6-m\libc_nano.a(lib_a-nano-svfprintf.o)
                0x0000329c                __ssputs_r
 .text._svfprintf_r
                0x00003360      0x208 c:/program files (x86)/atmel/studio/7.0/toolchain/arm/arm-gnu-toolchain/bin/../lib/gcc/arm-none-eabi/6.3.1/../../../../arm-none-eabi/lib/thumb/v6-m\libc_nano.a(lib_a-nano-svfprintf.o)
                0x00003360                _svfiprintf_r
                0x00003360                _svfprintf_r
 .text._printf_common
                0x00003568       0xda c:/program files (x86)/atmel/studio/7.0/toolchain/arm/arm-gnu-toolchain/bin/../lib/gcc/arm-none-eabi/6.3.1/../../../../arm-none-eabi/lib/thumb/v6-m\libc_nano.a(lib_a-nano-vfprintf_i.o)
                0x00003568                _printf_common
 *fill*         0x00003642        0x2 
 .text._printf_i
                0x00003644      0x234 c:/program files (x86)/atmel/studio/7.0/toolchain/arm/arm-gnu-toolchain/bin/../lib/gcc/arm-none-eabi/6.3.1/../../../../arm-none-eabi/lib/thumb/v6-m\libc_nano.a(lib_a-nano-vfprintf_i.o)
                0x00003644                _printf_i
 .text.memchr   0x00003878       0x16 c:/program files (x86)/atmel/studio/7.0/toolchain/arm/arm-gnu-toolchain/bin/../lib/gcc/arm-none-eabi/6.3.1/../../../../arm-none-eabi/lib/thumb/v6-m\libc_nano.a(lib_a-memchr-stub.o)
                0x00003878                memchr
 .text.memmove  0x0000388e       0x24 c:/program files (x86)/atmel/studio/7.0/toolchain/arm/arm-gnu-toolchain/bin/../lib/gcc/arm-none-eabi/6.3.1/../../../../arm-none-eabi/lib/thumb/v6-m\libc_nano.a(lib_a-memmove.o)
                0x0000388e                memmove
 .text._realloc_r
                0x000038b2       0x4c c:/program files (x86)/atmel/studio/7.0/toolchain/arm/arm-gnu-toolchain/bin/../lib/gcc/arm-none-eabi/6.3.1/../../../../arm-none-eabi/lib/thumb/v6-m\libc_nano.a(lib_a-nano-reallocr.o)
                0x000038b2                _realloc_r
 .text._malloc_usable_size_r
                0x000038fe       0x10 c:/program files (x86)/atmel/studio/7.0/toolchain/arm/arm-gnu-toolchain/bin/../lib/gcc/arm-none-eabi/6.3.1/../../../../arm-none-eabi/lib/thumb/v6-m\libc_nano.a(lib_a-nano-msizer.o)
                0x000038fe                _malloc_usable_size_r
 *(.glue_7t)
 .glue_7t       0x0000390e        0x0 linker stubs
 *(.glue_7)
 .glue_7        0x0000390e        0x0 linker stubs
 *(.rodata .rodata* .gnu.linkonce.r.*)
 *fill*         0x0000390e        0x2 
 .rodata.str1.4
                0x00003910      0x395 driver/elog_drv.o
 *fill*         0x00003ca5        0x3 
 .rodata.str1.4
                0x00003ca8       0x36 driver/loop_array.o
 *fill*         0x00003cde        0x2 
 .rodata        0x00003ce0       0x18 driver/uart_fpga.o
                0x00003cf4                USART_FPGA
 .rodata.str1.4
                0x00003cf8       0x5c driver/uart_fpga.o
 .rodata.str1.4
                0x00003d54       0x19 driver_init.o
 .rodata.str1.4
                0x00003d54       0x1b hal/src/hal_can_async.o
 *fill*         0x00003d6f        0x1 
 .rodata.str1.4
                0x00003d70       0x14 hal/src/hal_io.o
 .rodata.str1.4
                0x00003d84       0x17 hal/src/hal_timer.o
 *fill*         0x00003d9b        0x1 
 .rodata.str1.4
                0x00003d9c       0x1d hal/src/hal_usart_async.o
 *fill*         0x00003db9        0x3 
 .rodata.str1.4
                0x00003dbc       0x1e hal/utils/src/utils_list.o
 *fill*         0x00003dda        0x2 
 .rodata.str1.4
                0x00003ddc       0x24 hal/utils/src/utils_ringbuffer.o
 .rodata        0x00003e00       0x10 hpl/can/hpl_can.o
 .rodata        0x00003e10       0x90 hpl/dmac/hpl_dmac.o
 .rodata        0x00003ea0        0x8 hpl/eic/hpl_eic.o
 .rodata.str1.4
                0x00003ea8       0x15 hpl/eic/hpl_eic.o
 *fill*         0x00003ebd        0x3 
 .rodata        0x00003ec0       0x40 hpl/sercom/hpl_sercom.o
 .rodata.str1.4
                0x00003f00       0x1b hpl/sercom/hpl_sercom.o
 *fill*         0x00003f1b        0x1 
 .rodata        0x00003f1c       0x14 hpl/tc/hpl_tc.o
 .rodata.str1.4
                0x00003f30       0x13 hpl/tc/hpl_tc.o
 *fill*         0x00003f43        0x1 
 .rodata.str1.4
                0x00003f44       0x18 hpl/wdt/hpl_wdt.o
                                 0x15 (size before relaxing)
 .rodata.str1.4
                0x00003f5c       0x19 main.o
 .rodata.__sf_fake_stderr
                0x00003f5c       0x20 c:/program files (x86)/atmel/studio/7.0/toolchain/arm/arm-gnu-toolchain/bin/../lib/gcc/arm-none-eabi/6.3.1/../../../../arm-none-eabi/lib/thumb/v6-m\libc_nano.a(lib_a-findfp.o)
                0x00003f5c                __sf_fake_stderr
 .rodata.__sf_fake_stdin
                0x00003f7c       0x20 c:/program files (x86)/atmel/studio/7.0/toolchain/arm/arm-gnu-toolchain/bin/../lib/gcc/arm-none-eabi/6.3.1/../../../../arm-none-eabi/lib/thumb/v6-m\libc_nano.a(lib_a-findfp.o)
                0x00003f7c                __sf_fake_stdin
 .rodata.__sf_fake_stdout
                0x00003f9c       0x20 c:/program files (x86)/atmel/studio/7.0/toolchain/arm/arm-gnu-toolchain/bin/../lib/gcc/arm-none-eabi/6.3.1/../../../../arm-none-eabi/lib/thumb/v6-m\libc_nano.a(lib_a-findfp.o)
                0x00003f9c                __sf_fake_stdout
 .rodata._svfprintf_r.str1.1
                0x00003fbc       0x11 c:/program files (x86)/atmel/studio/7.0/toolchain/arm/arm-gnu-toolchain/bin/../lib/gcc/arm-none-eabi/6.3.1/../../../../arm-none-eabi/lib/thumb/v6-m\libc_nano.a(lib_a-nano-svfprintf.o)
 .rodata._printf_i.str1.1
                0x00003fcd       0x22 c:/program files (x86)/atmel/studio/7.0/toolchain/arm/arm-gnu-toolchain/bin/../lib/gcc/arm-none-eabi/6.3.1/../../../../arm-none-eabi/lib/thumb/v6-m\libc_nano.a(lib_a-nano-vfprintf_i.o)
 *(.ARM.extab* .gnu.linkonce.armextab.*)
                0x00003ff0                . = ALIGN (0x4)
 *fill*         0x00003fef        0x1 
 *(.init)
 .init          0x00003ff0        0x4 c:/program files (x86)/atmel/studio/7.0/toolchain/arm/arm-gnu-toolchain/bin/../lib/gcc/arm-none-eabi/6.3.1/thumb/v6-m/crti.o
                0x00003ff0                _init
 .init          0x00003ff4        0x8 c:/program files (x86)/atmel/studio/7.0/toolchain/arm/arm-gnu-toolchain/bin/../lib/gcc/arm-none-eabi/6.3.1/thumb/v6-m/crtn.o
                0x00003ffc                . = ALIGN (0x4)
                0x00003ffc                __preinit_array_start = .
 *(.preinit_array)
                0x00003ffc                __preinit_array_end = .
                0x00003ffc                . = ALIGN (0x4)
                0x00003ffc                __init_array_start = .
 *(SORT(.init_array.*))
 *(.init_array)
 .init_array    0x00003ffc        0x4 c:/program files (x86)/atmel/studio/7.0/toolchain/arm/arm-gnu-toolchain/bin/../lib/gcc/arm-none-eabi/6.3.1/thumb/v6-m/crtbegin.o
                0x00004000                __init_array_end = .
                0x00004000                . = ALIGN (0x4)
 *crtbegin.o(.ctors)
 *(EXCLUDE_FILE(*crtend.o) .ctors)
 *(SORT(.ctors.*))
 *crtend.o(.ctors)
                0x00004000                . = ALIGN (0x4)
 *(.fini)
 .fini          0x00004000        0x4 c:/program files (x86)/atmel/studio/7.0/toolchain/arm/arm-gnu-toolchain/bin/../lib/gcc/arm-none-eabi/6.3.1/thumb/v6-m/crti.o
                0x00004000                _fini
 .fini          0x00004004        0x8 c:/program files (x86)/atmel/studio/7.0/toolchain/arm/arm-gnu-toolchain/bin/../lib/gcc/arm-none-eabi/6.3.1/thumb/v6-m/crtn.o
                0x0000400c                . = ALIGN (0x4)
                0x0000400c                __fini_array_start = .
 *(.fini_array)
 .fini_array    0x0000400c        0x4 c:/program files (x86)/atmel/studio/7.0/toolchain/arm/arm-gnu-toolchain/bin/../lib/gcc/arm-none-eabi/6.3.1/thumb/v6-m/crtbegin.o
 *(SORT(.fini_array.*))
                0x00004010                __fini_array_end = .
 *crtbegin.o(.dtors)
 *(EXCLUDE_FILE(*crtend.o) .dtors)
 *(SORT(.dtors.*))
 *crtend.o(.dtors)
                0x00004010                . = ALIGN (0x4)
                0x00004010                _efixed = .
                [!provide]                PROVIDE (__exidx_start, .)

.vfp11_veneer   0x00004010        0x0
 .vfp11_veneer  0x00004010        0x0 linker stubs

.v4_bx          0x00004010        0x0
 .v4_bx         0x00004010        0x0 linker stubs

.iplt           0x00004010        0x0
 .iplt          0x00004010        0x0 c:/program files (x86)/atmel/studio/7.0/toolchain/arm/arm-gnu-toolchain/bin/../lib/gcc/arm-none-eabi/6.3.1/thumb/v6-m/crtbegin.o

.eh_frame       0x00004010        0x0
 .eh_frame      0x00004010        0x0 c:/program files (x86)/atmel/studio/7.0/toolchain/arm/arm-gnu-toolchain/bin/../lib/gcc/arm-none-eabi/6.3.1/thumb/v6-m/crtbegin.o

.rel.dyn        0x00004010        0x0
 .rel.iplt      0x00004010        0x0 c:/program files (x86)/atmel/studio/7.0/toolchain/arm/arm-gnu-toolchain/bin/../lib/gcc/arm-none-eabi/6.3.1/thumb/v6-m/crtbegin.o

.jcr            0x00004010        0x0
 .jcr           0x00004010        0x0 c:/program files (x86)/atmel/studio/7.0/toolchain/arm/arm-gnu-toolchain/bin/../lib/gcc/arm-none-eabi/6.3.1/thumb/v6-m/crtbegin.o

.igot.plt       0x00004010        0x0
 .igot.plt      0x00004010        0x0 c:/program files (x86)/atmel/studio/7.0/toolchain/arm/arm-gnu-toolchain/bin/../lib/gcc/arm-none-eabi/6.3.1/thumb/v6-m/crtbegin.o

.ARM.exidx
 *(.ARM.exidx* .gnu.linkonce.armexidx.*)
                [!provide]                PROVIDE (__exidx_end, .)
                0x00004010                . = ALIGN (0x4)
                0x00004010                _etext = .

.relocate       0x20000000       0x78 load address 0x00004010
                0x20000000                . = ALIGN (0x4)
                0x20000000                _srelocate = .
 *(.ramfunc .ramfunc.*)
 *(.data .data.*)
 .data          0x20000000       0x14 hpl/can/hpl_can.o
                0x20000000                _can0_context
 .data._impure_ptr
                0x20000014        0x4 c:/program files (x86)/atmel/studio/7.0/toolchain/arm/arm-gnu-toolchain/bin/../lib/gcc/arm-none-eabi/6.3.1/../../../../arm-none-eabi/lib/thumb/v6-m\libc_nano.a(lib_a-impure.o)
                0x20000014                _impure_ptr
 .data.impure_data
                0x20000018       0x60 c:/program files (x86)/atmel/studio/7.0/toolchain/arm/arm-gnu-toolchain/bin/../lib/gcc/arm-none-eabi/6.3.1/../../../../arm-none-eabi/lib/thumb/v6-m\libc_nano.a(lib_a-impure.o)
                0x20000078                . = ALIGN (0x4)
                0x20000078                _erelocate = .

.bss            0x20000080     0x2784 load address 0x00004090
                0x20000080                . = ALIGN (0x4)
                0x20000080                _sbss = .
                0x20000080                _szero = .
 *(.bss .bss.*)
 .bss           0x20000080       0x1c c:/program files (x86)/atmel/studio/7.0/toolchain/arm/arm-gnu-toolchain/bin/../lib/gcc/arm-none-eabi/6.3.1/thumb/v6-m/crtbegin.o
 .bss           0x2000009c     0x1130 driver/elog_drv.o
                0x2000009c                wakeup_flag
                0x200000ac                elog_list_deep
 .bss           0x200011cc     0x1238 driver/uart_fpga.o
                0x200011d0                cur_rcv_info
                0x200012e0                fpga_rcv_total_cnt
                0x200012e4                can_send_total_cnt
                0x200012f4                fpga_list_deep
                0x200013fc                fpga_send_total_cnt
                0x20002400                can_rcv_total_cnt
 .bss           0x20002404       0x20 driver_init.o
 .bss           0x20002424        0x8 hal/src/hal_ext_irq.o
 .bss           0x2000242c        0x4 hal/utils/src/utils_syscalls.o
 .bss           0x20002430       0x2c hpl/can/hpl_can.o
 .bss           0x2000245c       0x90 hpl/dmac/hpl_dmac.o
 .bss           0x200024ec        0x4 hpl/eic/hpl_eic.o
 .bss           0x200024f0        0x8 hpl/sercom/hpl_sercom.o
 .bss           0x200024f8        0x4 hpl/tc/hpl_tc.o
 .bss.__malloc_free_list
                0x200024fc        0x4 c:/program files (x86)/atmel/studio/7.0/toolchain/arm/arm-gnu-toolchain/bin/../lib/gcc/arm-none-eabi/6.3.1/../../../../arm-none-eabi/lib/thumb/v6-m\libc_nano.a(lib_a-nano-mallocr.o)
                0x200024fc                __malloc_free_list
 .bss.__malloc_sbrk_start
                0x20002500        0x4 c:/program files (x86)/atmel/studio/7.0/toolchain/arm/arm-gnu-toolchain/bin/../lib/gcc/arm-none-eabi/6.3.1/../../../../arm-none-eabi/lib/thumb/v6-m\libc_nano.a(lib_a-nano-mallocr.o)
                0x20002500                __malloc_sbrk_start
 *(COMMON)
 COMMON         0x20002504       0x18 driver/can_drv.o
                0x20002504                sys_config
                0x2000250c                canRxMsg_123
                0x20002514                canTxMsg_485
 COMMON         0x2000251c       0x24 driver/elog_drv.o
                0x2000251c                array_elog
                0x2000252c                fpga_reboot_tt
 COMMON         0x20002540       0x10 driver/uart_fpga.o
                0x20002540                fpga_array
 COMMON         0x20002550       0xe8 driver_init.o
                0x20002550                CAN_0
                0x20002578                WDT_0
                0x2000257c                USART_0
                0x200025cc                USART_1
                0x2000261c                TIMER_0
 COMMON         0x20002638       0x40 hpl/can/hpl_can.o
                0x20002638                can0_rx_fifo
                0x20002658                can0_tx_fifo
 *fill*         0x20002678        0x8 
 COMMON         0x20002680      0x180 hpl/dmac/hpl_dmac.o
                0x20002680                _descriptor_section
                0x20002740                _write_back_section
 COMMON         0x20002800        0x4 c:/program files (x86)/atmel/studio/7.0/toolchain/arm/arm-gnu-toolchain/bin/../lib/gcc/arm-none-eabi/6.3.1/../../../../arm-none-eabi/lib/thumb/v6-m\libc_nano.a(lib_a-reent.o)
                0x20002800                errno
                0x20002804                . = ALIGN (0x4)
                0x20002804                _ebss = .
                0x20002804                _ezero = .

.stack          0x20002804     0x2004 load address 0x00006814
                0x20002808                . = ALIGN (0x8)
 *fill*         0x20002804        0x4 
                0x20002808                _sstack = .
                0x20004808                . = (. + STACK_SIZE)
 *fill*         0x20002808     0x2000 
                0x20004808                . = ALIGN (0x8)
                0x20004808                _estack = .
                0x20004808                . = ALIGN (0x4)
                0x20004808                _end = .
OUTPUT(x1z_c21.elf elf32-littlearm)

.ARM.attributes
                0x00000000       0x28
 .ARM.attributes
                0x00000000       0x1e c:/program files (x86)/atmel/studio/7.0/toolchain/arm/arm-gnu-toolchain/bin/../lib/gcc/arm-none-eabi/6.3.1/thumb/v6-m/crti.o
 .ARM.attributes
                0x0000001e       0x2c c:/program files (x86)/atmel/studio/7.0/toolchain/arm/arm-gnu-toolchain/bin/../lib/gcc/arm-none-eabi/6.3.1/thumb/v6-m/crtbegin.o
 .ARM.attributes
                0x0000004a       0x32 atmel_start.o
 .ARM.attributes
                0x0000007c       0x32 Device_Startup/startup_samc21.o
 .ARM.attributes
                0x000000ae       0x32 driver/can_drv.o
 .ARM.attributes
                0x000000e0       0x32 driver/elog_drv.o
 .ARM.attributes
                0x00000112       0x32 driver/loop_array.o
 .ARM.attributes
                0x00000144       0x32 driver/uart_fpga.o
 .ARM.attributes
                0x00000176       0x32 driver/uart_tx_fifo.o
 .ARM.attributes
                0x000001a8       0x32 driver_init.o
 .ARM.attributes
                0x000001da       0x32 hal/src/hal_atomic.o
 .ARM.attributes
                0x0000020c       0x32 hal/src/hal_can_async.o
 .ARM.attributes
                0x0000023e       0x32 hal/src/hal_ext_irq.o
 .ARM.attributes
                0x00000270       0x32 hal/src/hal_io.o
 .ARM.attributes
                0x000002a2       0x32 hal/src/hal_sleep.o
 .ARM.attributes
                0x000002d4       0x32 hal/src/hal_timer.o
 .ARM.attributes
                0x00000306       0x32 hal/src/hal_usart_async.o
 .ARM.attributes
                0x00000338       0x32 hal/utils/src/utils_assert.o
 .ARM.attributes
                0x0000036a       0x32 hal/utils/src/utils_list.o
 .ARM.attributes
                0x0000039c       0x32 hal/utils/src/utils_ringbuffer.o
 .ARM.attributes
                0x000003ce       0x32 hal/utils/src/utils_syscalls.o
 .ARM.attributes
                0x00000400       0x32 hpl/can/hpl_can.o
 .ARM.attributes
                0x00000432       0x32 hpl/core/hpl_core_m0plus_base.o
 .ARM.attributes
                0x00000464       0x32 hpl/core/hpl_init.o
 .ARM.attributes
                0x00000496       0x32 hpl/divas/hpl_divas.o
 .ARM.attributes
                0x000004c8       0x32 hpl/dmac/hpl_dmac.o
 .ARM.attributes
                0x000004fa       0x32 hpl/eic/hpl_eic.o
 .ARM.attributes
                0x0000052c       0x32 hpl/gclk/hpl_gclk.o
 .ARM.attributes
                0x0000055e       0x32 hpl/mclk/hpl_mclk.o
 .ARM.attributes
                0x00000590       0x32 hpl/osc32kctrl/hpl_osc32kctrl.o
 .ARM.attributes
                0x000005c2       0x32 hpl/oscctrl/hpl_oscctrl.o
 .ARM.attributes
                0x000005f4       0x32 hpl/pm/hpl_pm.o
 .ARM.attributes
                0x00000626       0x32 hpl/sercom/hpl_sercom.o
 .ARM.attributes
                0x00000658       0x32 hpl/tc/hpl_tc.o
 .ARM.attributes
                0x0000068a       0x32 hpl/wdt/hpl_wdt.o
 .ARM.attributes
                0x000006bc       0x32 main.o
 .ARM.attributes
                0x000006ee       0x2c c:/program files (x86)/atmel/studio/7.0/toolchain/arm/arm-gnu-toolchain/bin/../lib/gcc/arm-none-eabi/6.3.1/thumb/v6-m\libgcc.a(_muldi3.o)
 .ARM.attributes
                0x0000071a       0x2c c:/program files (x86)/atmel/studio/7.0/toolchain/arm/arm-gnu-toolchain/bin/../lib/gcc/arm-none-eabi/6.3.1/thumb/v6-m\libgcc.a(_ffssi2.o)
 .ARM.attributes
                0x00000746       0x1e c:/program files (x86)/atmel/studio/7.0/toolchain/arm/arm-gnu-toolchain/bin/../lib/gcc/arm-none-eabi/6.3.1/thumb/v6-m\libgcc.a(_ctzsi2.o)
 .ARM.attributes
                0x00000764       0x2c c:/program files (x86)/atmel/studio/7.0/toolchain/arm/arm-gnu-toolchain/bin/../lib/gcc/arm-none-eabi/6.3.1/../../../../arm-none-eabi/lib/thumb/v6-m\libc_nano.a(lib_a-impure.o)
 .ARM.attributes
                0x00000790       0x2c c:/program files (x86)/atmel/studio/7.0/toolchain/arm/arm-gnu-toolchain/bin/../lib/gcc/arm-none-eabi/6.3.1/../../../../arm-none-eabi/lib/thumb/v6-m\libc_nano.a(lib_a-init.o)
 .ARM.attributes
                0x000007bc       0x2c c:/program files (x86)/atmel/studio/7.0/toolchain/arm/arm-gnu-toolchain/bin/../lib/gcc/arm-none-eabi/6.3.1/../../../../arm-none-eabi/lib/thumb/v6-m\libc_nano.a(lib_a-malloc.o)
 .ARM.attributes
                0x000007e8       0x2c c:/program files (x86)/atmel/studio/7.0/toolchain/arm/arm-gnu-toolchain/bin/../lib/gcc/arm-none-eabi/6.3.1/../../../../arm-none-eabi/lib/thumb/v6-m\libc_nano.a(lib_a-memcpy-stub.o)
 .ARM.attributes
                0x00000814       0x2c c:/program files (x86)/atmel/studio/7.0/toolchain/arm/arm-gnu-toolchain/bin/../lib/gcc/arm-none-eabi/6.3.1/../../../../arm-none-eabi/lib/thumb/v6-m\libc_nano.a(lib_a-nano-freer.o)
 .ARM.attributes
                0x00000840       0x2c c:/program files (x86)/atmel/studio/7.0/toolchain/arm/arm-gnu-toolchain/bin/../lib/gcc/arm-none-eabi/6.3.1/../../../../arm-none-eabi/lib/thumb/v6-m\libc_nano.a(lib_a-nano-mallocr.o)
 .ARM.attributes
                0x0000086c       0x2c c:/program files (x86)/atmel/studio/7.0/toolchain/arm/arm-gnu-toolchain/bin/../lib/gcc/arm-none-eabi/6.3.1/../../../../arm-none-eabi/lib/thumb/v6-m\libc_nano.a(lib_a-sbrkr.o)
 .ARM.attributes
                0x00000898       0x1c c:/program files (x86)/atmel/studio/7.0/toolchain/arm/arm-gnu-toolchain/bin/../lib/gcc/arm-none-eabi/6.3.1/../../../../arm-none-eabi/lib/thumb/v6-m\libc_nano.a(lib_a-strlen.o)
 .ARM.attributes
                0x000008b4       0x2c c:/program files (x86)/atmel/studio/7.0/toolchain/arm/arm-gnu-toolchain/bin/../lib/gcc/arm-none-eabi/6.3.1/../../../../arm-none-eabi/lib/thumb/v6-m\libc_nano.a(lib_a-strstr.o)
 .ARM.attributes
                0x000008e0       0x2c c:/program files (x86)/atmel/studio/7.0/toolchain/arm/arm-gnu-toolchain/bin/../lib/gcc/arm-none-eabi/6.3.1/../../../../arm-none-eabi/lib/thumb/v6-m\libc_nano.a(lib_a-vsprintf.o)
 .ARM.attributes
                0x0000090c       0x2c c:/program files (x86)/atmel/studio/7.0/toolchain/arm/arm-gnu-toolchain/bin/../lib/gcc/arm-none-eabi/6.3.1/../../../../arm-none-eabi/lib/thumb/v6-m\libc_nano.a(lib_a-findfp.o)
 .ARM.attributes
                0x00000938       0x2c c:/program files (x86)/atmel/studio/7.0/toolchain/arm/arm-gnu-toolchain/bin/../lib/gcc/arm-none-eabi/6.3.1/../../../../arm-none-eabi/lib/thumb/v6-m\libc_nano.a(lib_a-mlock.o)
 .ARM.attributes
                0x00000964       0x2c c:/program files (x86)/atmel/studio/7.0/toolchain/arm/arm-gnu-toolchain/bin/../lib/gcc/arm-none-eabi/6.3.1/../../../../arm-none-eabi/lib/thumb/v6-m\libc_nano.a(lib_a-nano-svfprintf.o)
 .ARM.attributes
                0x00000990       0x2c c:/program files (x86)/atmel/studio/7.0/toolchain/arm/arm-gnu-toolchain/bin/../lib/gcc/arm-none-eabi/6.3.1/../../../../arm-none-eabi/lib/thumb/v6-m\libc_nano.a(lib_a-nano-vfprintf_i.o)
 .ARM.attributes
                0x000009bc       0x2c c:/program files (x86)/atmel/studio/7.0/toolchain/arm/arm-gnu-toolchain/bin/../lib/gcc/arm-none-eabi/6.3.1/../../../../arm-none-eabi/lib/thumb/v6-m\libc_nano.a(lib_a-reent.o)
 .ARM.attributes
                0x000009e8       0x2c c:/program files (x86)/atmel/studio/7.0/toolchain/arm/arm-gnu-toolchain/bin/../lib/gcc/arm-none-eabi/6.3.1/../../../../arm-none-eabi/lib/thumb/v6-m\libc_nano.a(lib_a-memchr-stub.o)
 .ARM.attributes
                0x00000a14       0x2c c:/program files (x86)/atmel/studio/7.0/toolchain/arm/arm-gnu-toolchain/bin/../lib/gcc/arm-none-eabi/6.3.1/../../../../arm-none-eabi/lib/thumb/v6-m\libc_nano.a(lib_a-memmove.o)
 .ARM.attributes
                0x00000a40       0x2c c:/program files (x86)/atmel/studio/7.0/toolchain/arm/arm-gnu-toolchain/bin/../lib/gcc/arm-none-eabi/6.3.1/../../../../arm-none-eabi/lib/thumb/v6-m\libc_nano.a(lib_a-nano-reallocr.o)
 .ARM.attributes
                0x00000a6c       0x2c c:/program files (x86)/atmel/studio/7.0/toolchain/arm/arm-gnu-toolchain/bin/../lib/gcc/arm-none-eabi/6.3.1/../../../../arm-none-eabi/lib/thumb/v6-m\libc_nano.a(lib_a-nano-msizer.o)
 .ARM.attributes
                0x00000a98       0x1e c:/program files (x86)/atmel/studio/7.0/toolchain/arm/arm-gnu-toolchain/bin/../lib/gcc/arm-none-eabi/6.3.1/thumb/v6-m/crtn.o

.comment        0x00000000       0x59
 .comment       0x00000000       0x59 atmel_start.o
                                 0x5a (size before relaxing)
 .comment       0x00000059       0x5a Device_Startup/startup_samc21.o
 .comment       0x00000059       0x5a driver/can_drv.o
 .comment       0x00000059       0x5a driver/elog_drv.o
 .comment       0x00000059       0x5a driver/loop_array.o
 .comment       0x00000059       0x5a driver/uart_fpga.o
 .comment       0x00000059       0x5a driver/uart_tx_fifo.o
 .comment       0x00000059       0x5a driver_init.o
 .comment       0x00000059       0x5a hal/src/hal_atomic.o
 .comment       0x00000059       0x5a hal/src/hal_can_async.o
 .comment       0x00000059       0x5a hal/src/hal_ext_irq.o
 .comment       0x00000059       0x5a hal/src/hal_io.o
 .comment       0x00000059       0x5a hal/src/hal_sleep.o
 .comment       0x00000059       0x5a hal/src/hal_timer.o
 .comment       0x00000059       0x5a hal/src/hal_usart_async.o
 .comment       0x00000059       0x5a hal/utils/src/utils_assert.o
 .comment       0x00000059       0x5a hal/utils/src/utils_list.o
 .comment       0x00000059       0x5a hal/utils/src/utils_ringbuffer.o
 .comment       0x00000059       0x5a hal/utils/src/utils_syscalls.o
 .comment       0x00000059       0x5a hpl/can/hpl_can.o
 .comment       0x00000059       0x5a hpl/core/hpl_core_m0plus_base.o
 .comment       0x00000059       0x5a hpl/core/hpl_init.o
 .comment       0x00000059       0x5a hpl/divas/hpl_divas.o
 .comment       0x00000059       0x5a hpl/dmac/hpl_dmac.o
 .comment       0x00000059       0x5a hpl/eic/hpl_eic.o
 .comment       0x00000059       0x5a hpl/gclk/hpl_gclk.o
 .comment       0x00000059       0x5a hpl/mclk/hpl_mclk.o
 .comment       0x00000059       0x5a hpl/osc32kctrl/hpl_osc32kctrl.o
 .comment       0x00000059       0x5a hpl/oscctrl/hpl_oscctrl.o
 .comment       0x00000059       0x5a hpl/pm/hpl_pm.o
 .comment       0x00000059       0x5a hpl/sercom/hpl_sercom.o
 .comment       0x00000059       0x5a hpl/tc/hpl_tc.o
 .comment       0x00000059       0x5a hpl/wdt/hpl_wdt.o
 .comment       0x00000059       0x5a main.o

.debug_info     0x00000000    0x372a8
 .debug_info    0x00000000      0x6a8 atmel_start.o
 .debug_info    0x000006a8      0x523 Device_Startup/startup_samc21.o
 .debug_info    0x00000bcb     0x519a driver/can_drv.o
 .debug_info    0x00005d65     0x2c15 driver/elog_drv.o
 .debug_info    0x0000897a     0x12a9 driver/loop_array.o
 .debug_info    0x00009c23     0x1b4c driver/uart_fpga.o
 .debug_info    0x0000b76f     0x110b driver/uart_tx_fifo.o
 .debug_info    0x0000c87a     0x8615 driver_init.o
 .debug_info    0x00014e8f      0x1d1 hal/src/hal_atomic.o
 .debug_info    0x00015060      0xa21 hal/src/hal_can_async.o
 .debug_info    0x00015a81      0x367 hal/src/hal_ext_irq.o
 .debug_info    0x00015de8      0x2b2 hal/src/hal_io.o
 .debug_info    0x0001609a      0x12c hal/src/hal_sleep.o
 .debug_info    0x000161c6      0xbb7 hal/src/hal_timer.o
 .debug_info    0x00016d7d     0x1366 hal/src/hal_usart_async.o
 .debug_info    0x000180e3      0x107 hal/utils/src/utils_assert.o
 .debug_info    0x000181ea      0x310 hal/utils/src/utils_list.o
 .debug_info    0x000184fa      0x313 hal/utils/src/utils_ringbuffer.o
 .debug_info    0x0001880d      0xdca hal/utils/src/utils_syscalls.o
 .debug_info    0x000195d7     0x565e hpl/can/hpl_can.o
 .debug_info    0x0001ec35      0x858 hpl/core/hpl_core_m0plus_base.o
 .debug_info    0x0001f48d      0xe1c hpl/core/hpl_init.o
 .debug_info    0x000202a9      0x854 hpl/divas/hpl_divas.o
 .debug_info    0x00020afd     0x2622 hpl/dmac/hpl_dmac.o
 .debug_info    0x0002311f     0x1a53 hpl/eic/hpl_eic.o
 .debug_info    0x00024b72      0x76e hpl/gclk/hpl_gclk.o
 .debug_info    0x000252e0      0x7c2 hpl/mclk/hpl_mclk.o
 .debug_info    0x00025aa2      0x6c2 hpl/osc32kctrl/hpl_osc32kctrl.o
 .debug_info    0x00026164      0xd34 hpl/oscctrl/hpl_oscctrl.o
 .debug_info    0x00026e98      0x412 hpl/pm/hpl_pm.o
 .debug_info    0x000272aa     0xb68b hpl/sercom/hpl_sercom.o
 .debug_info    0x00032935     0x289d hpl/tc/hpl_tc.o
 .debug_info    0x000351d2      0xcd9 hpl/wdt/hpl_wdt.o
 .debug_info    0x00035eab     0x13fd main.o

.debug_abbrev   0x00000000     0x53a8
 .debug_abbrev  0x00000000      0x104 atmel_start.o
 .debug_abbrev  0x00000104      0x14f Device_Startup/startup_samc21.o
 .debug_abbrev  0x00000253      0x40a driver/can_drv.o
 .debug_abbrev  0x0000065d      0x4cc driver/elog_drv.o
 .debug_abbrev  0x00000b29      0x299 driver/loop_array.o
 .debug_abbrev  0x00000dc2      0x427 driver/uart_fpga.o
 .debug_abbrev  0x000011e9      0x284 driver/uart_tx_fifo.o
 .debug_abbrev  0x0000146d      0x36b driver_init.o
 .debug_abbrev  0x000017d8      0x144 hal/src/hal_atomic.o
 .debug_abbrev  0x0000191c      0x18b hal/src/hal_can_async.o
 .debug_abbrev  0x00001aa7      0x173 hal/src/hal_ext_irq.o
 .debug_abbrev  0x00001c1a      0x115 hal/src/hal_io.o
 .debug_abbrev  0x00001d2f       0xb6 hal/src/hal_sleep.o
 .debug_abbrev  0x00001de5      0x221 hal/src/hal_timer.o
 .debug_abbrev  0x00002006      0x29d hal/src/hal_usart_async.o
 .debug_abbrev  0x000022a3       0x86 hal/utils/src/utils_assert.o
 .debug_abbrev  0x00002329      0x159 hal/utils/src/utils_list.o
 .debug_abbrev  0x00002482      0x101 hal/utils/src/utils_ringbuffer.o
 .debug_abbrev  0x00002583      0x269 hal/utils/src/utils_syscalls.o
 .debug_abbrev  0x000027ec      0x47e hpl/can/hpl_can.o
 .debug_abbrev  0x00002c6a      0x2bb hpl/core/hpl_core_m0plus_base.o
 .debug_abbrev  0x00002f25      0x1ce hpl/core/hpl_init.o
 .debug_abbrev  0x000030f3      0x232 hpl/divas/hpl_divas.o
 .debug_abbrev  0x00003325      0x395 hpl/dmac/hpl_dmac.o
 .debug_abbrev  0x000036ba      0x40a hpl/eic/hpl_eic.o
 .debug_abbrev  0x00003ac4      0x1ab hpl/gclk/hpl_gclk.o
 .debug_abbrev  0x00003c6f      0x1ac hpl/mclk/hpl_mclk.o
 .debug_abbrev  0x00003e1b      0x17f hpl/osc32kctrl/hpl_osc32kctrl.o
 .debug_abbrev  0x00003f9a      0x1cd hpl/oscctrl/hpl_oscctrl.o
 .debug_abbrev  0x00004167      0x1a0 hpl/pm/hpl_pm.o
 .debug_abbrev  0x00004307      0x5b4 hpl/sercom/hpl_sercom.o
 .debug_abbrev  0x000048bb      0x4e0 hpl/tc/hpl_tc.o
 .debug_abbrev  0x00004d9b      0x33d hpl/wdt/hpl_wdt.o
 .debug_abbrev  0x000050d8      0x2d0 main.o

.debug_loc      0x00000000    0x101ff
 .debug_loc     0x00000000       0x20 atmel_start.o
 .debug_loc     0x00000020       0x40 Device_Startup/startup_samc21.o
 .debug_loc     0x00000060      0x295 driver/can_drv.o
 .debug_loc     0x000002f5      0x892 driver/elog_drv.o
 .debug_loc     0x00000b87      0x3b5 driver/loop_array.o
 .debug_loc     0x00000f3c      0x47f driver/uart_fpga.o
 .debug_loc     0x000013bb      0x16b driver/uart_tx_fifo.o
 .debug_loc     0x00001526      0x7df driver_init.o
 .debug_loc     0x00001d05       0x13 hal/src/hal_atomic.o
 .debug_loc     0x00001d18      0x682 hal/src/hal_can_async.o
 .debug_loc     0x0000239a      0x32d hal/src/hal_ext_irq.o
 .debug_loc     0x000026c7      0x18a hal/src/hal_io.o
 .debug_loc     0x00002851       0x41 hal/src/hal_sleep.o
 .debug_loc     0x00002892      0x761 hal/src/hal_timer.o
 .debug_loc     0x00002ff3      0xf97 hal/src/hal_usart_async.o
 .debug_loc     0x00003f8a      0x271 hal/utils/src/utils_list.o
 .debug_loc     0x000041fb      0x2d1 hal/utils/src/utils_ringbuffer.o
 .debug_loc     0x000044cc      0x13b hal/utils/src/utils_syscalls.o
 .debug_loc     0x00004607      0xc05 hpl/can/hpl_can.o
 .debug_loc     0x0000520c      0x1f7 hpl/core/hpl_core_m0plus_base.o
 .debug_loc     0x00005403       0x64 hpl/core/hpl_init.o
 .debug_loc     0x00005467      0x2a5 hpl/divas/hpl_divas.o
 .debug_loc     0x0000570c      0xb67 hpl/dmac/hpl_dmac.o
 .debug_loc     0x00006273      0x50b hpl/eic/hpl_eic.o
 .debug_loc     0x0000677e      0x31e hpl/gclk/hpl_gclk.o
 .debug_loc     0x00006a9c       0x2c hpl/mclk/hpl_mclk.o
 .debug_loc     0x00006ac8       0x2c hpl/osc32kctrl/hpl_osc32kctrl.o
 .debug_loc     0x00006af4       0x76 hpl/oscctrl/hpl_oscctrl.o
 .debug_loc     0x00006b6a       0xa9 hpl/pm/hpl_pm.o
 .debug_loc     0x00006c13     0x81eb hpl/sercom/hpl_sercom.o
 .debug_loc     0x0000edfe      0xa92 hpl/tc/hpl_tc.o
 .debug_loc     0x0000f890      0x7c0 hpl/wdt/hpl_wdt.o
 .debug_loc     0x00010050      0x1af main.o

.debug_aranges  0x00000000      0xe88
 .debug_aranges
                0x00000000       0x20 atmel_start.o
 .debug_aranges
                0x00000020       0x28 Device_Startup/startup_samc21.o
 .debug_aranges
                0x00000048       0x28 driver/can_drv.o
 .debug_aranges
                0x00000070       0x80 driver/elog_drv.o
 .debug_aranges
                0x000000f0       0x30 driver/loop_array.o
 .debug_aranges
                0x00000120       0x68 driver/uart_fpga.o
 .debug_aranges
                0x00000188       0x30 driver/uart_tx_fifo.o
 .debug_aranges
                0x000001b8       0x78 driver_init.o
 .debug_aranges
                0x00000230       0x30 hal/src/hal_atomic.o
 .debug_aranges
                0x00000260       0x90 hal/src/hal_can_async.o
 .debug_aranges
                0x000002f0       0x50 hal/src/hal_ext_irq.o
 .debug_aranges
                0x00000340       0x30 hal/src/hal_io.o
 .debug_aranges
                0x00000370       0x28 hal/src/hal_sleep.o
 .debug_aranges
                0x00000398       0x70 hal/src/hal_timer.o
 .debug_aranges
                0x00000408       0xe0 hal/src/hal_usart_async.o
 .debug_aranges
                0x000004e8       0x20 hal/utils/src/utils_assert.o
 .debug_aranges
                0x00000508       0x48 hal/utils/src/utils_list.o
 .debug_aranges
                0x00000550       0x40 hal/utils/src/utils_ringbuffer.o
 .debug_aranges
                0x00000590       0x60 hal/utils/src/utils_syscalls.o
 .debug_aranges
                0x000005f0       0x78 hpl/can/hpl_can.o
 .debug_aranges
                0x00000668       0x80 hpl/core/hpl_core_m0plus_base.o
 .debug_aranges
                0x000006e8       0x20 hpl/core/hpl_init.o
 .debug_aranges
                0x00000708       0x40 hpl/divas/hpl_divas.o
 .debug_aranges
                0x00000748       0x70 hpl/dmac/hpl_dmac.o
 .debug_aranges
                0x000007b8       0x38 hpl/eic/hpl_eic.o
 .debug_aranges
                0x000007f0       0x28 hpl/gclk/hpl_gclk.o
 .debug_aranges
                0x00000818       0x20 hpl/mclk/hpl_mclk.o
 .debug_aranges
                0x00000838       0x20 hpl/osc32kctrl/hpl_osc32kctrl.o
 .debug_aranges
                0x00000858       0x28 hpl/oscctrl/hpl_oscctrl.o
 .debug_aranges
                0x00000880       0x28 hpl/pm/hpl_pm.o
 .debug_aranges
                0x000008a8      0x4e8 hpl/sercom/hpl_sercom.o
 .debug_aranges
                0x00000d90       0x78 hpl/tc/hpl_tc.o
 .debug_aranges
                0x00000e08       0x50 hpl/wdt/hpl_wdt.o
 .debug_aranges
                0x00000e58       0x30 main.o

.debug_ranges   0x00000000     0x13f0
 .debug_ranges  0x00000000       0x10 atmel_start.o
 .debug_ranges  0x00000010       0x18 Device_Startup/startup_samc21.o
 .debug_ranges  0x00000028       0x78 driver/can_drv.o
 .debug_ranges  0x000000a0       0xd8 driver/elog_drv.o
 .debug_ranges  0x00000178       0x40 driver/loop_array.o
 .debug_ranges  0x000001b8       0xc0 driver/uart_fpga.o
 .debug_ranges  0x00000278       0x20 driver/uart_tx_fifo.o
 .debug_ranges  0x00000298       0x68 driver_init.o
 .debug_ranges  0x00000300       0x20 hal/src/hal_atomic.o
 .debug_ranges  0x00000320       0x80 hal/src/hal_can_async.o
 .debug_ranges  0x000003a0       0x40 hal/src/hal_ext_irq.o
 .debug_ranges  0x000003e0       0x20 hal/src/hal_io.o
 .debug_ranges  0x00000400       0x18 hal/src/hal_sleep.o
 .debug_ranges  0x00000418       0xa8 hal/src/hal_timer.o
 .debug_ranges  0x000004c0       0xf0 hal/src/hal_usart_async.o
 .debug_ranges  0x000005b0       0x10 hal/utils/src/utils_assert.o
 .debug_ranges  0x000005c0       0x58 hal/utils/src/utils_list.o
 .debug_ranges  0x00000618       0x30 hal/utils/src/utils_ringbuffer.o
 .debug_ranges  0x00000648       0x50 hal/utils/src/utils_syscalls.o
 .debug_ranges  0x00000698       0x68 hpl/can/hpl_can.o
 .debug_ranges  0x00000700       0x70 hpl/core/hpl_core_m0plus_base.o
 .debug_ranges  0x00000770       0x10 hpl/core/hpl_init.o
 .debug_ranges  0x00000780       0x30 hpl/divas/hpl_divas.o
 .debug_ranges  0x000007b0       0xf8 hpl/dmac/hpl_dmac.o
 .debug_ranges  0x000008a8       0x48 hpl/eic/hpl_eic.o
 .debug_ranges  0x000008f0       0x18 hpl/gclk/hpl_gclk.o
 .debug_ranges  0x00000908       0x10 hpl/mclk/hpl_mclk.o
 .debug_ranges  0x00000918       0x10 hpl/osc32kctrl/hpl_osc32kctrl.o
 .debug_ranges  0x00000928       0x18 hpl/oscctrl/hpl_oscctrl.o
 .debug_ranges  0x00000940       0x18 hpl/pm/hpl_pm.o
 .debug_ranges  0x00000958      0x9a0 hpl/sercom/hpl_sercom.o
 .debug_ranges  0x000012f8       0x98 hpl/tc/hpl_tc.o
 .debug_ranges  0x00001390       0x40 hpl/wdt/hpl_wdt.o
 .debug_ranges  0x000013d0       0x20 main.o

.debug_macro    0x00000000    0x2354c
 .debug_macro   0x00000000      0x676 atmel_start.o
 .debug_macro   0x00000676      0x89e atmel_start.o
 .debug_macro   0x00000f14      0x16d atmel_start.o
 .debug_macro   0x00001081       0x22 atmel_start.o
 .debug_macro   0x000010a3       0x87 atmel_start.o
 .debug_macro   0x0000112a       0x51 atmel_start.o
 .debug_macro   0x0000117b       0xef atmel_start.o
 .debug_macro   0x0000126a       0x6a atmel_start.o
 .debug_macro   0x000012d4      0x1df atmel_start.o
 .debug_macro   0x000014b3       0x22 atmel_start.o
 .debug_macro   0x000014d5       0x3f atmel_start.o
 .debug_macro   0x00001514       0x28 atmel_start.o
 .debug_macro   0x0000153c       0x85 atmel_start.o
 .debug_macro   0x000015c1      0x49b atmel_start.o
 .debug_macro   0x00001a5c      0x897 atmel_start.o
 .debug_macro   0x000022f3      0x8c0 atmel_start.o
 .debug_macro   0x00002bb3     0x2d61 atmel_start.o
 .debug_macro   0x00005914      0x21e atmel_start.o
 .debug_macro   0x00005b32      0x282 atmel_start.o
 .debug_macro   0x00005db4      0x130 atmel_start.o
 .debug_macro   0x00005ee4      0xd32 atmel_start.o
 .debug_macro   0x00006c16      0x61f atmel_start.o
 .debug_macro   0x00007235      0x5be atmel_start.o
 .debug_macro   0x000077f3      0x824 atmel_start.o
 .debug_macro   0x00008017      0x172 atmel_start.o
 .debug_macro   0x00008189      0x306 atmel_start.o
 .debug_macro   0x0000848f      0x55f atmel_start.o
 .debug_macro   0x000089ee      0x421 atmel_start.o
 .debug_macro   0x00008e0f      0x21c atmel_start.o
 .debug_macro   0x0000902b      0x719 atmel_start.o
 .debug_macro   0x00009744      0x5ab atmel_start.o
 .debug_macro   0x00009cef      0x335 atmel_start.o
 .debug_macro   0x0000a024      0x68d atmel_start.o
 .debug_macro   0x0000a6b1       0xc4 atmel_start.o
 .debug_macro   0x0000a775      0x340 atmel_start.o
 .debug_macro   0x0000aab5       0x6a atmel_start.o
 .debug_macro   0x0000ab1f     0x124b atmel_start.o
 .debug_macro   0x0000bd6a      0x5a5 atmel_start.o
 .debug_macro   0x0000c30f      0xfc4 atmel_start.o
 .debug_macro   0x0000d2d3      0x59e atmel_start.o
 .debug_macro   0x0000d871      0x8ae atmel_start.o
 .debug_macro   0x0000e11f     0x19be atmel_start.o
 .debug_macro   0x0000fadd      0x39c atmel_start.o
 .debug_macro   0x0000fe79      0x36a atmel_start.o
 .debug_macro   0x000101e3       0x94 atmel_start.o
 .debug_macro   0x00010277       0xac atmel_start.o
 .debug_macro   0x00010323       0xac atmel_start.o
 .debug_macro   0x000103cf      0x149 atmel_start.o
 .debug_macro   0x00010518       0x4c atmel_start.o
 .debug_macro   0x00010564       0x58 atmel_start.o
 .debug_macro   0x000105bc       0x3a atmel_start.o
 .debug_macro   0x000105f6       0xd6 atmel_start.o
 .debug_macro   0x000106cc       0xb8 atmel_start.o
 .debug_macro   0x00010784       0x64 atmel_start.o
 .debug_macro   0x000107e8      0x5d7 atmel_start.o
 .debug_macro   0x00010dbf       0x4c atmel_start.o
 .debug_macro   0x00010e0b      0x1be atmel_start.o
 .debug_macro   0x00010fc9      0x184 atmel_start.o
 .debug_macro   0x0001114d       0x52 atmel_start.o
 .debug_macro   0x0001119f       0xa0 atmel_start.o
 .debug_macro   0x0001123f       0xd6 atmel_start.o
 .debug_macro   0x00011315       0x94 atmel_start.o
 .debug_macro   0x000113a9       0x4c atmel_start.o
 .debug_macro   0x000113f5       0x64 atmel_start.o
 .debug_macro   0x00011459       0x22 atmel_start.o
 .debug_macro   0x0001147b      0x16c atmel_start.o
 .debug_macro   0x000115e7       0x2e atmel_start.o
 .debug_macro   0x00011615       0x16 atmel_start.o
 .debug_macro   0x0001162b       0xd6 atmel_start.o
 .debug_macro   0x00011701       0xa0 atmel_start.o
 .debug_macro   0x000117a1      0x133 atmel_start.o
 .debug_macro   0x000118d4      0x133 atmel_start.o
 .debug_macro   0x00011a07      0x133 atmel_start.o
 .debug_macro   0x00011b3a      0x133 atmel_start.o
 .debug_macro   0x00011c6d       0x4c atmel_start.o
 .debug_macro   0x00011cb9       0xfa atmel_start.o
 .debug_macro   0x00011db3       0xfa atmel_start.o
 .debug_macro   0x00011ead       0xfa atmel_start.o
 .debug_macro   0x00011fa7       0xfa atmel_start.o
 .debug_macro   0x000120a1       0xfa atmel_start.o
 .debug_macro   0x0001219b      0x124 atmel_start.o
 .debug_macro   0x000122bf       0xfa atmel_start.o
 .debug_macro   0x000123b9       0xee atmel_start.o
 .debug_macro   0x000124a7       0x76 atmel_start.o
 .debug_macro   0x0001251d       0x3a atmel_start.o
 .debug_macro   0x00012557      0x441 atmel_start.o
 .debug_macro   0x00012998     0x140b atmel_start.o
 .debug_macro   0x00013da3       0x82 atmel_start.o
 .debug_macro   0x00013e25       0x10 atmel_start.o
 .debug_macro   0x00013e35       0x10 atmel_start.o
 .debug_macro   0x00013e45       0x16 atmel_start.o
 .debug_macro   0x00013e5b       0x16 atmel_start.o
 .debug_macro   0x00013e71       0x16 atmel_start.o
 .debug_macro   0x00013e87       0x16 atmel_start.o
 .debug_macro   0x00013e9d       0x16 atmel_start.o
 .debug_macro   0x00013eb3       0x16 atmel_start.o
 .debug_macro   0x00013ec9       0x16 atmel_start.o
 .debug_macro   0x00013edf       0x16 atmel_start.o
 .debug_macro   0x00013ef5       0x16 atmel_start.o
 .debug_macro   0x00013f0b       0x16 atmel_start.o
 .debug_macro   0x00013f21       0x16 atmel_start.o
 .debug_macro   0x00013f37       0x16 atmel_start.o
 .debug_macro   0x00013f4d       0x16 atmel_start.o
 .debug_macro   0x00013f63       0x16 atmel_start.o
 .debug_macro   0x00013f79       0x16 atmel_start.o
 .debug_macro   0x00013f8f       0x16 atmel_start.o
 .debug_macro   0x00013fa5       0x16 atmel_start.o
 .debug_macro   0x00013fbb       0x16 atmel_start.o
 .debug_macro   0x00013fd1       0x16 atmel_start.o
 .debug_macro   0x00013fe7       0x16 atmel_start.o
 .debug_macro   0x00013ffd       0x16 atmel_start.o
 .debug_macro   0x00014013      0x262 atmel_start.o
 .debug_macro   0x00014275       0x16 atmel_start.o
 .debug_macro   0x0001428b       0x94 atmel_start.o
 .debug_macro   0x0001431f       0x16 atmel_start.o
 .debug_macro   0x00014335       0xbe atmel_start.o
 .debug_macro   0x000143f3      0x28c atmel_start.o
 .debug_macro   0x0001467f       0x16 atmel_start.o
 .debug_macro   0x00014695       0x16 atmel_start.o
 .debug_macro   0x000146ab       0xca atmel_start.o
 .debug_macro   0x00014775       0x1c atmel_start.o
 .debug_macro   0x00014791       0x16 atmel_start.o
 .debug_macro   0x000147a7       0x5e atmel_start.o
 .debug_macro   0x00014805       0xc9 atmel_start.o
 .debug_macro   0x000148ce      0x383 Device_Startup/startup_samc21.o
 .debug_macro   0x00014c51       0x39 Device_Startup/startup_samc21.o
 .debug_macro   0x00014c8a      0x82f driver/can_drv.o
 .debug_macro   0x000154b9       0x58 driver/can_drv.o
 .debug_macro   0x00015511       0x35 driver/can_drv.o
 .debug_macro   0x00015546       0x9c driver/can_drv.o
 .debug_macro   0x000155e2       0x16 driver/can_drv.o
 .debug_macro   0x000155f8       0x35 driver/can_drv.o
 .debug_macro   0x0001562d      0x353 driver/can_drv.o
 .debug_macro   0x00015980       0x10 driver/can_drv.o
 .debug_macro   0x00015990       0x58 driver/can_drv.o
 .debug_macro   0x000159e8       0x1f driver/can_drv.o
 .debug_macro   0x00015a07       0x43 driver/can_drv.o
 .debug_macro   0x00015a4a       0x20 driver/can_drv.o
 .debug_macro   0x00015a6a      0x187 driver/can_drv.o
 .debug_macro   0x00015bf1       0x10 driver/can_drv.o
 .debug_macro   0x00015c01       0x1c driver/can_drv.o
 .debug_macro   0x00015c1d       0x52 driver/can_drv.o
 .debug_macro   0x00015c6f       0x40 driver/can_drv.o
 .debug_macro   0x00015caf       0x10 driver/can_drv.o
 .debug_macro   0x00015cbf       0x40 driver/can_drv.o
 .debug_macro   0x00015cff       0xd7 driver/can_drv.o
 .debug_macro   0x00015dd6       0x16 driver/can_drv.o
 .debug_macro   0x00015dec      0x18b driver/can_drv.o
 .debug_macro   0x00015f77       0x16 driver/can_drv.o
 .debug_macro   0x00015f8d       0x34 driver/can_drv.o
 .debug_macro   0x00015fc1       0x1c driver/can_drv.o
 .debug_macro   0x00015fdd      0x86b driver/elog_drv.o
 .debug_macro   0x00016848       0x52 driver/elog_drv.o
 .debug_macro   0x0001689a       0x8d driver/elog_drv.o
 .debug_macro   0x00016927       0x57 driver/elog_drv.o
 .debug_macro   0x0001697e       0x10 driver/elog_drv.o
 .debug_macro   0x0001698e       0x1c driver/elog_drv.o
 .debug_macro   0x000169aa       0x10 driver/elog_drv.o
 .debug_macro   0x000169ba       0x3c driver/elog_drv.o
 .debug_macro   0x000169f6       0x4c driver/elog_drv.o
 .debug_macro   0x00016a42      0x74c driver/loop_array.o
 .debug_macro   0x0001718e      0x863 driver/uart_fpga.o
 .debug_macro   0x000179f1      0x829 driver/uart_tx_fifo.o
 .debug_macro   0x0001821a      0x680 driver_init.o
 .debug_macro   0x0001889a       0x6c driver_init.o
 .debug_macro   0x00018906      0x4fe hal/src/hal_atomic.o
 .debug_macro   0x00018e04      0x544 hal/src/hal_can_async.o
 .debug_macro   0x00019348       0x10 hal/src/hal_can_async.o
 .debug_macro   0x00019358      0x526 hal/src/hal_ext_irq.o
 .debug_macro   0x0001987e      0x513 hal/src/hal_io.o
 .debug_macro   0x00019d91      0x514 hal/src/hal_sleep.o
 .debug_macro   0x0001a2a5      0x54a hal/src/hal_timer.o
 .debug_macro   0x0001a7ef      0x562 hal/src/hal_usart_async.o
 .debug_macro   0x0001ad51      0x508 hal/utils/src/utils_assert.o
 .debug_macro   0x0001b259      0x50d hal/utils/src/utils_list.o
 .debug_macro   0x0001b766      0x50d hal/utils/src/utils_ringbuffer.o
 .debug_macro   0x0001bc73      0x1d6 hal/utils/src/utils_syscalls.o
 .debug_macro   0x0001be49       0x97 hal/utils/src/utils_syscalls.o
 .debug_macro   0x0001bee0       0xf6 hal/utils/src/utils_syscalls.o
 .debug_macro   0x0001bfd6       0x16 hal/utils/src/utils_syscalls.o
 .debug_macro   0x0001bfec       0x10 hal/utils/src/utils_syscalls.o
 .debug_macro   0x0001bffc       0x10 hal/utils/src/utils_syscalls.o
 .debug_macro   0x0001c00c       0x35 hal/utils/src/utils_syscalls.o
 .debug_macro   0x0001c041      0x122 hal/utils/src/utils_syscalls.o
 .debug_macro   0x0001c163      0x60d hpl/can/hpl_can.o
 .debug_macro   0x0001c770      0x167 hpl/can/hpl_can.o
 .debug_macro   0x0001c8d7       0x9e hpl/can/hpl_can.o
 .debug_macro   0x0001c975      0x55e hpl/core/hpl_core_m0plus_base.o
 .debug_macro   0x0001ced3      0x583 hpl/core/hpl_init.o
 .debug_macro   0x0001d456       0x1c hpl/core/hpl_init.o
 .debug_macro   0x0001d472      0x772 hpl/core/hpl_init.o
 .debug_macro   0x0001dbe4      0x526 hpl/divas/hpl_divas.o
 .debug_macro   0x0001e10a      0x547 hpl/dmac/hpl_dmac.o
 .debug_macro   0x0001e651      0x6cc hpl/dmac/hpl_dmac.o
 .debug_macro   0x0001ed1d      0x6ba hpl/dmac/hpl_dmac.o
 .debug_macro   0x0001f3d7      0x5f9 hpl/eic/hpl_eic.o
 .debug_macro   0x0001f9d0      0x24f hpl/eic/hpl_eic.o
 .debug_macro   0x0001fc1f      0x517 hpl/gclk/hpl_gclk.o
 .debug_macro   0x00020136      0x1f4 hpl/gclk/hpl_gclk.o
 .debug_macro   0x0002032a      0x512 hpl/mclk/hpl_mclk.o
 .debug_macro   0x0002083c      0x50d hpl/osc32kctrl/hpl_osc32kctrl.o
 .debug_macro   0x00020d49       0xb8 hpl/osc32kctrl/hpl_osc32kctrl.o
 .debug_macro   0x00020e01      0x50d hpl/oscctrl/hpl_oscctrl.o
 .debug_macro   0x0002130e      0x130 hpl/oscctrl/hpl_oscctrl.o
 .debug_macro   0x0002143e      0x519 hpl/pm/hpl_pm.o
 .debug_macro   0x00021957      0x75b hpl/sercom/hpl_sercom.o
 .debug_macro   0x000220b2       0x70 hpl/sercom/hpl_sercom.o
 .debug_macro   0x00022122      0x17e hpl/sercom/hpl_sercom.o
 .debug_macro   0x000222a0       0x10 hpl/sercom/hpl_sercom.o
 .debug_macro   0x000222b0       0x1c hpl/sercom/hpl_sercom.o
 .debug_macro   0x000222cc       0x22 hpl/sercom/hpl_sercom.o
 .debug_macro   0x000222ee       0x10 hpl/sercom/hpl_sercom.o
 .debug_macro   0x000222fe      0x585 hpl/tc/hpl_tc.o
 .debug_macro   0x00022883       0x10 hpl/tc/hpl_tc.o
 .debug_macro   0x00022893       0x83 hpl/tc/hpl_tc.o
 .debug_macro   0x00022916      0x570 hpl/wdt/hpl_wdt.o
 .debug_macro   0x00022e86       0x1c hpl/wdt/hpl_wdt.o
 .debug_macro   0x00022ea2      0x6aa main.o

.debug_line     0x00000000    0x1b482
 .debug_line    0x00000000      0xc6d atmel_start.o
 .debug_line    0x00000c6d      0x778 Device_Startup/startup_samc21.o
 .debug_line    0x000013e5      0xe9b driver/can_drv.o
 .debug_line    0x00002280     0x1034 driver/elog_drv.o
 .debug_line    0x000032b4      0xdc4 driver/loop_array.o
 .debug_line    0x00004078      0xf51 driver/uart_fpga.o
 .debug_line    0x00004fc9      0xe23 driver/uart_tx_fifo.o
 .debug_line    0x00005dec      0xe23 driver_init.o
 .debug_line    0x00006c0f      0xaa6 hal/src/hal_atomic.o
 .debug_line    0x000076b5      0xc0f hal/src/hal_can_async.o
 .debug_line    0x000082c4      0xb12 hal/src/hal_ext_irq.o
 .debug_line    0x00008dd6      0xabb hal/src/hal_io.o
 .debug_line    0x00009891      0xa87 hal/src/hal_sleep.o
 .debug_line    0x0000a318      0xc50 hal/src/hal_timer.o
 .debug_line    0x0000af68      0xd96 hal/src/hal_usart_async.o
 .debug_line    0x0000bcfe      0xa71 hal/utils/src/utils_assert.o
 .debug_line    0x0000c76f      0xb05 hal/utils/src/utils_list.o
 .debug_line    0x0000d274      0xb10 hal/utils/src/utils_ringbuffer.o
 .debug_line    0x0000dd84      0x40b hal/utils/src/utils_syscalls.o
 .debug_line    0x0000e18f      0xedb hpl/can/hpl_can.o
 .debug_line    0x0000f06a      0xc3e hpl/core/hpl_core_m0plus_base.o
 .debug_line    0x0000fca8      0xb53 hpl/core/hpl_init.o
 .debug_line    0x000107fb      0xb73 hpl/divas/hpl_divas.o
 .debug_line    0x0001136e      0xd47 hpl/dmac/hpl_dmac.o
 .debug_line    0x000120b5      0xc45 hpl/eic/hpl_eic.o
 .debug_line    0x00012cfa      0xb0b hpl/gclk/hpl_gclk.o
 .debug_line    0x00013805      0xa99 hpl/mclk/hpl_mclk.o
 .debug_line    0x0001429e      0xa9e hpl/osc32kctrl/hpl_osc32kctrl.o
 .debug_line    0x00014d3c      0xaca hpl/oscctrl/hpl_oscctrl.o
 .debug_line    0x00015806      0xaa4 hpl/pm/hpl_pm.o
 .debug_line    0x000162aa     0x29f4 hpl/sercom/hpl_sercom.o
 .debug_line    0x00018c9e      0xdac hpl/tc/hpl_tc.o
 .debug_line    0x00019a4a      0xcf3 hpl/wdt/hpl_wdt.o
 .debug_line    0x0001a73d      0xd45 main.o

.debug_str      0x00000000    0x99b4d
 .debug_str     0x00000000    0x80211 atmel_start.o
                              0x80e06 (size before relaxing)
 .debug_str     0x00080211      0x3d3 Device_Startup/startup_samc21.o
                              0x7ba31 (size before relaxing)
 .debug_str     0x000805e4     0x51a1 driver/can_drv.o
                              0x8609d (size before relaxing)
 .debug_str     0x00085785      0x5b4 driver/elog_drv.o
                              0x85760 (size before relaxing)
 .debug_str     0x00085d39       0x45 driver/loop_array.o
                              0x83c14 (size before relaxing)
 .debug_str     0x00085d7e      0x223 driver/uart_fpga.o
                              0x852bd (size before relaxing)
 .debug_str     0x00085fa1       0x55 driver/uart_tx_fifo.o
                              0x84d49 (size before relaxing)
 .debug_str     0x00085ff6     0x11e7 driver_init.o
                              0x82e63 (size before relaxing)
 .debug_str     0x000871dd       0x7e hal/src/hal_atomic.o
                              0x801b1 (size before relaxing)
 .debug_str     0x0008725b      0x15b hal/src/hal_can_async.o
                              0x80aad (size before relaxing)
 .debug_str     0x000873b6       0xcb hal/src/hal_ext_irq.o
                              0x80296 (size before relaxing)
 .debug_str     0x00087481       0x2c hal/src/hal_io.o
                              0x8025e (size before relaxing)
 .debug_str     0x000874ad       0x46 hal/src/hal_sleep.o
                              0x80198 (size before relaxing)
 .debug_str     0x000874f3      0x248 hal/src/hal_timer.o
                              0x80af0 (size before relaxing)
 .debug_str     0x0008773b      0x601 hal/src/hal_usart_async.o
                              0x810c8 (size before relaxing)
 .debug_str     0x00087d3c       0x2a hal/utils/src/utils_assert.o
                              0x801c1 (size before relaxing)
 .debug_str     0x00087d66       0x31 hal/utils/src/utils_list.o
                              0x8026b (size before relaxing)
 .debug_str     0x00087d97       0x24 hal/utils/src/utils_ringbuffer.o
                              0x80267 (size before relaxing)
 .debug_str     0x00087dbb      0x68d hal/utils/src/utils_syscalls.o
                               0x72f9 (size before relaxing)
 .debug_str     0x00088448     0x13b1 hpl/can/hpl_can.o
                              0x855ec (size before relaxing)
 .debug_str     0x000897f9      0x15b hpl/core/hpl_core_m0plus_base.o
                              0x80d6b (size before relaxing)
 .debug_str     0x00089954     0x1adc hpl/core/hpl_init.o
                              0x82286 (size before relaxing)
 .debug_str     0x0008b430      0x27b hpl/divas/hpl_divas.o
                              0x80432 (size before relaxing)
 .debug_str     0x0008b6ab     0x66f8 hpl/dmac/hpl_dmac.o
                              0x88833 (size before relaxing)
 .debug_str     0x00091da3      0xd95 hpl/eic/hpl_eic.o
                              0x843c8 (size before relaxing)
 .debug_str     0x00092b38      0x819 hpl/gclk/hpl_gclk.o
                              0x80af4 (size before relaxing)
 .debug_str     0x00093351       0x47 hpl/mclk/hpl_mclk.o
                              0x806c2 (size before relaxing)
 .debug_str     0x00093398      0x4be hpl/osc32kctrl/hpl_osc32kctrl.o
                              0x80668 (size before relaxing)
 .debug_str     0x00093856      0x837 hpl/oscctrl/hpl_oscctrl.o
                              0x80a4d (size before relaxing)
 .debug_str     0x0009408d      0x167 hpl/pm/hpl_pm.o
                              0x80325 (size before relaxing)
 .debug_str     0x000941f4     0x4aa4 hpl/sercom/hpl_sercom.o
                              0x863b4 (size before relaxing)
 .debug_str     0x00098c98      0xa23 hpl/tc/hpl_tc.o
                              0x81ab9 (size before relaxing)
 .debug_str     0x000996bb      0x445 hpl/wdt/hpl_wdt.o
                              0x80763 (size before relaxing)
 .debug_str     0x00099b00       0x4d main.o
                              0x814cf (size before relaxing)

.debug_frame    0x00000000     0x2850
 .debug_frame   0x00000000       0x28 atmel_start.o
 .debug_frame   0x00000028       0x38 Device_Startup/startup_samc21.o
 .debug_frame   0x00000060       0x5c driver/can_drv.o
 .debug_frame   0x000000bc      0x15c driver/elog_drv.o
 .debug_frame   0x00000218       0x70 driver/loop_array.o
 .debug_frame   0x00000288      0x114 driver/uart_fpga.o
 .debug_frame   0x0000039c       0x58 driver/uart_tx_fifo.o
 .debug_frame   0x000003f4      0x12c driver_init.o
 .debug_frame   0x00000520       0x40 hal/src/hal_atomic.o
 .debug_frame   0x00000560      0x18c hal/src/hal_can_async.o
 .debug_frame   0x000006ec       0xb4 hal/src/hal_ext_irq.o
 .debug_frame   0x000007a0       0x58 hal/src/hal_io.o
 .debug_frame   0x000007f8       0x38 hal/src/hal_sleep.o
 .debug_frame   0x00000830      0x14c hal/src/hal_timer.o
 .debug_frame   0x0000097c      0x2ac hal/src/hal_usart_async.o
 .debug_frame   0x00000c28       0x20 hal/utils/src/utils_assert.o
 .debug_frame   0x00000c48       0x88 hal/utils/src/utils_list.o
 .debug_frame   0x00000cd0       0x94 hal/utils/src/utils_ringbuffer.o
 .debug_frame   0x00000d64       0xa8 hal/utils/src/utils_syscalls.o
 .debug_frame   0x00000e0c      0x118 hpl/can/hpl_can.o
 .debug_frame   0x00000f24       0xfc hpl/core/hpl_core_m0plus_base.o
 .debug_frame   0x00001020       0x28 hpl/core/hpl_init.o
 .debug_frame   0x00001048       0x90 hpl/divas/hpl_divas.o
 .debug_frame   0x000010d8      0x108 hpl/dmac/hpl_dmac.o
 .debug_frame   0x000011e0       0x68 hpl/eic/hpl_eic.o
 .debug_frame   0x00001248       0x30 hpl/gclk/hpl_gclk.o
 .debug_frame   0x00001278       0x20 hpl/mclk/hpl_mclk.o
 .debug_frame   0x00001298       0x20 hpl/osc32kctrl/hpl_osc32kctrl.o
 .debug_frame   0x000012b8       0x30 hpl/oscctrl/hpl_oscctrl.o
 .debug_frame   0x000012e8       0x30 hpl/pm/hpl_pm.o
 .debug_frame   0x00001318      0xe34 hpl/sercom/hpl_sercom.o
 .debug_frame   0x0000214c      0x100 hpl/tc/hpl_tc.o
 .debug_frame   0x0000224c       0xc0 hpl/wdt/hpl_wdt.o
 .debug_frame   0x0000230c       0x4c main.o
 .debug_frame   0x00002358       0x34 c:/program files (x86)/atmel/studio/7.0/toolchain/arm/arm-gnu-toolchain/bin/../lib/gcc/arm-none-eabi/6.3.1/thumb/v6-m\libgcc.a(_muldi3.o)
 .debug_frame   0x0000238c       0x28 c:/program files (x86)/atmel/studio/7.0/toolchain/arm/arm-gnu-toolchain/bin/../lib/gcc/arm-none-eabi/6.3.1/thumb/v6-m\libgcc.a(_ffssi2.o)
 .debug_frame   0x000023b4       0x2c c:/program files (x86)/atmel/studio/7.0/toolchain/arm/arm-gnu-toolchain/bin/../lib/gcc/arm-none-eabi/6.3.1/../../../../arm-none-eabi/lib/thumb/v6-m\libc_nano.a(lib_a-init.o)
 .debug_frame   0x000023e0       0x40 c:/program files (x86)/atmel/studio/7.0/toolchain/arm/arm-gnu-toolchain/bin/../lib/gcc/arm-none-eabi/6.3.1/../../../../arm-none-eabi/lib/thumb/v6-m\libc_nano.a(lib_a-malloc.o)
 .debug_frame   0x00002420       0x28 c:/program files (x86)/atmel/studio/7.0/toolchain/arm/arm-gnu-toolchain/bin/../lib/gcc/arm-none-eabi/6.3.1/../../../../arm-none-eabi/lib/thumb/v6-m\libc_nano.a(lib_a-memcpy-stub.o)
 .debug_frame   0x00002448       0x2c c:/program files (x86)/atmel/studio/7.0/toolchain/arm/arm-gnu-toolchain/bin/../lib/gcc/arm-none-eabi/6.3.1/../../../../arm-none-eabi/lib/thumb/v6-m\libc_nano.a(lib_a-nano-freer.o)
 .debug_frame   0x00002474       0x2c c:/program files (x86)/atmel/studio/7.0/toolchain/arm/arm-gnu-toolchain/bin/../lib/gcc/arm-none-eabi/6.3.1/../../../../arm-none-eabi/lib/thumb/v6-m\libc_nano.a(lib_a-nano-mallocr.o)
 .debug_frame   0x000024a0       0x2c c:/program files (x86)/atmel/studio/7.0/toolchain/arm/arm-gnu-toolchain/bin/../lib/gcc/arm-none-eabi/6.3.1/../../../../arm-none-eabi/lib/thumb/v6-m\libc_nano.a(lib_a-sbrkr.o)
 .debug_frame   0x000024cc       0x28 c:/program files (x86)/atmel/studio/7.0/toolchain/arm/arm-gnu-toolchain/bin/../lib/gcc/arm-none-eabi/6.3.1/../../../../arm-none-eabi/lib/thumb/v6-m\libc_nano.a(lib_a-strstr.o)
 .debug_frame   0x000024f4       0x44 c:/program files (x86)/atmel/studio/7.0/toolchain/arm/arm-gnu-toolchain/bin/../lib/gcc/arm-none-eabi/6.3.1/../../../../arm-none-eabi/lib/thumb/v6-m\libc_nano.a(lib_a-vsprintf.o)
 .debug_frame   0x00002538      0x140 c:/program files (x86)/atmel/studio/7.0/toolchain/arm/arm-gnu-toolchain/bin/../lib/gcc/arm-none-eabi/6.3.1/../../../../arm-none-eabi/lib/thumb/v6-m\libc_nano.a(lib_a-findfp.o)
 .debug_frame   0x00002678       0x30 c:/program files (x86)/atmel/studio/7.0/toolchain/arm/arm-gnu-toolchain/bin/../lib/gcc/arm-none-eabi/6.3.1/../../../../arm-none-eabi/lib/thumb/v6-m\libc_nano.a(lib_a-mlock.o)
 .debug_frame   0x000026a8       0x74 c:/program files (x86)/atmel/studio/7.0/toolchain/arm/arm-gnu-toolchain/bin/../lib/gcc/arm-none-eabi/6.3.1/../../../../arm-none-eabi/lib/thumb/v6-m\libc_nano.a(lib_a-nano-svfprintf.o)
 .debug_frame   0x0000271c       0x54 c:/program files (x86)/atmel/studio/7.0/toolchain/arm/arm-gnu-toolchain/bin/../lib/gcc/arm-none-eabi/6.3.1/../../../../arm-none-eabi/lib/thumb/v6-m\libc_nano.a(lib_a-nano-vfprintf_i.o)
 .debug_frame   0x00002770       0x48 c:/program files (x86)/atmel/studio/7.0/toolchain/arm/arm-gnu-toolchain/bin/../lib/gcc/arm-none-eabi/6.3.1/../../../../arm-none-eabi/lib/thumb/v6-m\libc_nano.a(lib_a-reent.o)
 .debug_frame   0x000027b8       0x20 c:/program files (x86)/atmel/studio/7.0/toolchain/arm/arm-gnu-toolchain/bin/../lib/gcc/arm-none-eabi/6.3.1/../../../../arm-none-eabi/lib/thumb/v6-m\libc_nano.a(lib_a-memchr-stub.o)
 .debug_frame   0x000027d8       0x28 c:/program files (x86)/atmel/studio/7.0/toolchain/arm/arm-gnu-toolchain/bin/../lib/gcc/arm-none-eabi/6.3.1/../../../../arm-none-eabi/lib/thumb/v6-m\libc_nano.a(lib_a-memmove.o)
 .debug_frame   0x00002800       0x30 c:/program files (x86)/atmel/studio/7.0/toolchain/arm/arm-gnu-toolchain/bin/../lib/gcc/arm-none-eabi/6.3.1/../../../../arm-none-eabi/lib/thumb/v6-m\libc_nano.a(lib_a-nano-reallocr.o)
 .debug_frame   0x00002830       0x20 c:/program files (x86)/atmel/studio/7.0/toolchain/arm/arm-gnu-toolchain/bin/../lib/gcc/arm-none-eabi/6.3.1/../../../../arm-none-eabi/lib/thumb/v6-m\libc_nano.a(lib_a-nano-msizer.o)
